** Drc report for Daughterboard.kicad_pcb **
** Created on 2026-07-01T00:00:26 **
** Report includes: Errors, Warnings **

** Found 126 DRC violations **
[copper_edge_clearance]: Board edge clearance violation (board setup constraints edge clearance 0.5000 mm; actual 0.3200 mm)
    Rule: board setup constraints edge; error
    @(61.4704 mm, 48.0000 mm): Segment on Edge.Cuts
    @(72.5000 mm, 48.9200 mm): Pad A5 [<no net>] of J1 on F.Cu
[copper_edge_clearance]: Board edge clearance violation (board setup constraints edge clearance 0.5000 mm; actual 0.3200 mm)
    Rule: board setup constraints edge; error
    @(61.4704 mm, 48.0000 mm): Segment on Edge.Cuts
    @(74.5200 mm, 48.9200 mm): Pad A9 [<no net>] of J1 on F.Cu
[copper_edge_clearance]: Board edge clearance violation (board setup constraints edge clearance 0.5000 mm; actual 0.3200 mm)
    Rule: board setup constraints edge; error
    @(61.4704 mm, 48.0000 mm): Segment on Edge.Cuts
    @(75.7500 mm, 48.9200 mm): Pad A12 [<no net>] of J1 on F.Cu
[copper_edge_clearance]: Board edge clearance violation (board setup constraints edge clearance 0.5000 mm; actual 0.3200 mm)
    Rule: board setup constraints edge; error
    @(61.4704 mm, 48.0000 mm): Segment on Edge.Cuts
    @(73.5000 mm, 48.9200 mm): Pad B5 [<no net>] of J1 on F.Cu
[copper_edge_clearance]: Board edge clearance violation (board setup constraints edge clearance 0.5000 mm; actual 0.3200 mm)
    Rule: board setup constraints edge; error
    @(61.4704 mm, 48.0000 mm): Segment on Edge.Cuts
    @(71.4800 mm, 48.9200 mm): Pad B9 [<no net>] of J1 on F.Cu
[copper_edge_clearance]: Board edge clearance violation (board setup constraints edge clearance 0.5000 mm; actual 0.3200 mm)
    Rule: board setup constraints edge; error
    @(61.4704 mm, 48.0000 mm): Segment on Edge.Cuts
    @(70.2500 mm, 48.9200 mm): Pad B12 [<no net>] of J1 on F.Cu
[copper_edge_clearance]: Board edge clearance violation (board setup constraints edge clearance 0.5000 mm; actual 0.1500 mm)
    Rule: board setup constraints edge; error
    @(61.4704 mm, 48.0000 mm): Segment on Edge.Cuts
    @(68.6800 mm, 49.0000 mm): PTH pad SH [<no net>] of J1
[copper_edge_clearance]: Board edge clearance violation (board setup constraints edge clearance 0.5000 mm; actual 0.1500 mm)
    Rule: board setup constraints edge; error
    @(61.4704 mm, 48.0000 mm): Segment on Edge.Cuts
    @(77.3200 mm, 49.0000 mm): PTH pad SH [<no net>] of J1
[silk_edge_clearance]: Silkscreen clipped by board edge
    Rule: board setup constraints silk; warning
    @(61.4704 mm, 48.0000 mm): Segment on Edge.Cuts
    @(99.0000 mm, 48.1000 mm): Reference field of J4
[text_height]: Text height out of range (board setup constraints silk text height min height 0.8000 mm; actual 0.6500 mm)
    Rule: board setup constraints silk text height; warning
    @(145.6500 mm, 40.7000 mm): Footprint text of SW2 (VOUT)
[text_height]: Text height out of range (board setup constraints silk text height min height 0.8000 mm; actual 0.7000 mm)
    Rule: board setup constraints silk text height; warning
    @(145.6500 mm, 49.2000 mm): Footprint text of SW2 (VIN)
[text_height]: Text height out of range (board setup constraints silk text height min height 0.8000 mm; actual 0.6500 mm)
    Rule: board setup constraints silk text height; warning
    @(150.7300 mm, 40.1000 mm): Footprint text of SW2 (GND)
[text_height]: Text height out of range (board setup constraints silk text height min height 0.8000 mm; actual 0.6500 mm)
    Rule: board setup constraints silk text height; warning
    @(150.7300 mm, 48.9000 mm): Footprint text of SW2 (GND)
[text_height]: Text height out of range (board setup constraints silk text height min height 0.8000 mm; actual 0.6500 mm)
    Rule: board setup constraints silk text height; warning
    @(154.5400 mm, 49.3000 mm): Footprint text of SW2 (ON)
[text_height]: Text height out of range (board setup constraints silk text height min height 0.8000 mm; actual 0.6500 mm)
    Rule: board setup constraints silk text height; warning
    @(155.8100 mm, 40.1000 mm): Footprint text of SW2 (A/B)
[text_height]: Text height out of range (board setup constraints silk text height min height 0.8000 mm; actual 0.6500 mm)
    Rule: board setup constraints silk text height; warning
    @(157.0800 mm, 49.1000 mm): Footprint text of SW2 (OFF)
[text_height]: Text height out of range (board setup constraints silk text height min height 0.8000 mm; actual 0.6500 mm)
    Rule: board setup constraints silk text height; warning
    @(159.6200 mm, 48.5000 mm): Footprint text of SW2 (CTRL)
[text_height]: Text height out of range (board setup constraints silk text height min height 0.8000 mm; actual 0.6500 mm)
    Rule: board setup constraints silk text height; warning
    @(41.2000 mm, 22.5400 mm): Footprint text of SW1 (ON)
[text_height]: Text height out of range (board setup constraints silk text height min height 0.8000 mm; actual 0.7000 mm)
    Rule: board setup constraints silk text height; warning
    @(41.3000 mm, 13.6500 mm): Footprint text of SW1 (VIN)
[text_height]: Text height out of range (board setup constraints silk text height min height 0.8000 mm; actual 0.6500 mm)
    Rule: board setup constraints silk text height; warning
    @(41.4000 mm, 25.0800 mm): Footprint text of SW1 (OFF)
[text_height]: Text height out of range (board setup constraints silk text height min height 0.8000 mm; actual 0.6500 mm)
    Rule: board setup constraints silk text height; warning
    @(41.6000 mm, 18.7300 mm): Footprint text of SW1 (GND)
[text_height]: Text height out of range (board setup constraints silk text height min height 0.8000 mm; actual 0.6500 mm)
    Rule: board setup constraints silk text height; warning
    @(42.0000 mm, 27.6200 mm): Footprint text of SW1 (CTRL)
[text_height]: Text height out of range (board setup constraints silk text height min height 0.8000 mm; actual 0.6500 mm)
    Rule: board setup constraints silk text height; warning
    @(49.8000 mm, 13.6500 mm): Footprint text of SW1 (VOUT)
[text_height]: Text height out of range (board setup constraints silk text height min height 0.8000 mm; actual 0.6500 mm)
    Rule: board setup constraints silk text height; warning
    @(50.4000 mm, 18.7300 mm): Footprint text of SW1 (GND)
[text_height]: Text height out of range (board setup constraints silk text height min height 0.8000 mm; actual 0.6500 mm)
    Rule: board setup constraints silk text height; warning
    @(50.4000 mm, 23.8100 mm): Footprint text of SW1 (A/B)
[text_height]: Text height out of range (board setup constraints silk text height min height 0.8000 mm; actual 0.7000 mm)
    Rule: board setup constraints silk text height; warning
    @(50.0000 mm, 33.2000 mm): Reference field of Q1
[silk_overlap]: Silkscreen clearance
    Rule: board setup constraints silk; warning
    @(141.4000 mm, 44.5000 mm): Reference field of SW2
    @(140.0000 mm, 43.3520 mm): Reference field of J95
[silk_overlap]: Silkscreen clearance
    Rule: board setup constraints silk; warning
    @(141.4000 mm, 44.5000 mm): Reference field of SW2
    @(139.0500 mm, 44.0500 mm): Segment of J95 on F.Silkscreen
[silk_overlap]: Silkscreen clearance
    Rule: board setup constraints silk; warning
    @(141.4000 mm, 44.5000 mm): Reference field of SW2
    @(140.9500 mm, 44.0500 mm): Segment of J95 on F.Silkscreen
[silk_overlap]: Silkscreen clearance
    Rule: board setup constraints silk; warning
    @(125.9500 mm, 45.9500 mm): Segment of J92 on F.Silkscreen
    @(124.5000 mm, 46.5500 mm): Reference field of U5
[silk_overlap]: Silkscreen clearance
    Rule: board setup constraints silk; warning
    @(130.7204 mm, 55.6804 mm): Reference field of R44
    @(130.3804 mm, 56.1704 mm): Segment of D4 on F.Silkscreen
[silk_overlap]: Silkscreen clearance
    Rule: board setup constraints silk; warning
    @(54.0000 mm, 35.5700 mm): Reference field of D3
    @(54.7627 mm, 35.5225 mm): Segment of R15 on F.Silkscreen
[silk_overlap]: Silkscreen clearance
    Rule: board setup constraints silk; warning
    @(54.0000 mm, 29.5700 mm): Reference field of D2
    @(53.6000 mm, 28.9000 mm): Segment of SW1 on F.Silkscreen
[silk_overlap]: Silkscreen clearance
    Rule: board setup constraints silk; warning
    @(130.0000 mm, 32.6000 mm): Reference field of D6
    @(130.3800 mm, 24.2700 mm): Segment of J5 on F.Silkscreen
[silk_overlap]: Silkscreen clearance
    Rule: board setup constraints silk; warning
    @(127.6200 mm, 32.0000 mm): Segment of J5 on F.Silkscreen
    @(130.0000 mm, 32.6000 mm): Reference field of D6
[silk_overlap]: Silkscreen clearance
    Rule: board setup constraints silk; warning
    @(149.5000 mm, 47.5700 mm): Reference field of C19
    @(150.7300 mm, 48.9000 mm): Footprint text of SW2 (GND)
[silk_overlap]: Silkscreen clearance
    Rule: board setup constraints silk; warning
    @(160.9000 mm, 36.9000 mm): Segment of SW2 on F.Silkscreen
    @(160.0000 mm, 38.5700 mm): Reference field of R38
[silk_overlap]: Silkscreen clearance
    Rule: board setup constraints silk; warning
    @(144.7627 mm, 39.4775 mm): Segment of R35 on F.Silkscreen
    @(145.6500 mm, 40.7000 mm): Footprint text of SW2 (VOUT)
[silk_overlap]: Silkscreen clearance
    Rule: board setup constraints silk; warning
    @(144.7627 mm, 40.5225 mm): Segment of R35 on F.Silkscreen
    @(145.6500 mm, 40.7000 mm): Footprint text of SW2 (VOUT)
[silk_overlap]: Silkscreen clearance
    Rule: board setup constraints silk; warning
    @(143.0000 mm, 52.5700 mm): Reference field of C28
    @(143.1000 mm, 52.1000 mm): Segment of SW2 on F.Silkscreen
[silk_overlap]: Silkscreen clearance
    Rule: board setup constraints silk; warning
    @(143.0000 mm, 52.5700 mm): Reference field of C28
    @(160.9000 mm, 52.1000 mm): Segment of SW2 on F.Silkscreen
[silk_overlap]: Silkscreen clearance
    Rule: board setup constraints silk; warning
    @(131.9704 mm, 57.9624 mm): Reference field of J911
    @(130.4832 mm, 57.6329 mm): Segment of R44 on F.Silkscreen
[silk_overlap]: Silkscreen clearance
    Rule: board setup constraints silk; warning
    @(134.4704 mm, 57.9624 mm): Reference field of J912
    @(131.9704 mm, 57.9624 mm): Reference field of J911
[silk_overlap]: Silkscreen clearance
    Rule: board setup constraints silk; warning
    @(160.9000 mm, 52.1000 mm): Segment of SW2 on F.Silkscreen
    @(150.0000 mm, 52.5700 mm): Reference field of R19
[silk_overlap]: Silkscreen clearance
    Rule: board setup constraints silk; warning
    @(154.3594 mm, 49.5100 mm): Segment of C20 on F.Silkscreen
    @(154.5400 mm, 49.3000 mm): Footprint text of SW2 (ON)
[silk_overlap]: Silkscreen clearance
    Rule: board setup constraints silk; warning
    @(160.9000 mm, 52.1000 mm): Segment of SW2 on F.Silkscreen
    @(155.0000 mm, 52.5700 mm): Reference field of R20
[silk_overlap]: Silkscreen clearance
    Rule: board setup constraints silk; warning
    @(148.2204 mm, 60.4624 mm): Reference field of J915
    @(147.9204 mm, 58.6604 mm): Segment of J913 on F.Silkscreen
[silk_overlap]: Silkscreen clearance
    Rule: board setup constraints silk; warning
    @(148.2204 mm, 60.4624 mm): Reference field of J915
    @(147.9204 mm, 60.5604 mm): Segment of J913 on F.Silkscreen
[silk_overlap]: Silkscreen clearance
    Rule: board setup constraints silk; warning
    @(146.7332 mm, 55.1329 mm): Segment of R43 on F.Silkscreen
    @(145.7204 mm, 55.4624 mm): Reference field of J97
[silk_overlap]: Silkscreen clearance
    Rule: board setup constraints silk; warning
    @(146.7332 mm, 55.1329 mm): Segment of R43 on F.Silkscreen
    @(148.2204 mm, 55.4624 mm): Reference field of J910
[silk_overlap]: Silkscreen clearance
    Rule: board setup constraints silk; warning
    @(145.7204 mm, 55.4624 mm): Reference field of J97
    @(148.2204 mm, 55.4624 mm): Reference field of J910
[silk_overlap]: Silkscreen clearance
    Rule: board setup constraints silk; warning
    @(149.1704 mm, 58.0604 mm): Segment of J910 on F.Silkscreen
    @(146.9704 mm, 57.9624 mm): Reference field of J913
[silk_overlap]: Silkscreen clearance
    Rule: board setup constraints silk; warning
    @(146.6704 mm, 56.1604 mm): Segment of J97 on F.Silkscreen
    @(146.9704 mm, 57.9624 mm): Reference field of J913
[silk_overlap]: Silkscreen clearance
    Rule: board setup constraints silk; warning
    @(146.9704 mm, 57.9624 mm): Reference field of J913
    @(147.2704 mm, 58.0604 mm): Segment of J910 on F.Silkscreen
[silk_overlap]: Silkscreen clearance
    Rule: board setup constraints silk; warning
    @(146.6704 mm, 58.0604 mm): Segment of J97 on F.Silkscreen
    @(146.9704 mm, 57.9624 mm): Reference field of J913
[silk_overlap]: Silkscreen clearance
    Rule: board setup constraints silk; warning
    @(148.2204 mm, 60.4624 mm): Reference field of J915
    @(145.7204 mm, 60.4624 mm): Reference field of J914
[silk_overlap]: Silkscreen clearance
    Rule: board setup constraints silk; warning
    @(146.0204 mm, 60.5604 mm): Segment of J913 on F.Silkscreen
    @(145.7204 mm, 60.4624 mm): Reference field of J914
[silk_overlap]: Silkscreen clearance
    Rule: board setup constraints silk; warning
    @(147.9204 mm, 60.5604 mm): Segment of J913 on F.Silkscreen
    @(145.7204 mm, 60.4624 mm): Reference field of J914
[silk_overlap]: Silkscreen clearance
    Rule: board setup constraints silk; warning
    @(41.8594 mm, 18.5100 mm): Segment of C2 on F.Silkscreen
    @(41.6000 mm, 18.7300 mm): Footprint text of SW1 (GND)
[silk_overlap]: Silkscreen clearance
    Rule: board setup constraints silk; warning
    @(42.0000 mm, 27.6200 mm): Footprint text of SW1 (CTRL)
    @(43.0000 mm, 28.5700 mm): Reference field of C4
[silk_overlap]: Silkscreen clearance
    Rule: board setup constraints silk; warning
    @(53.6000 mm, 28.9000 mm): Segment of SW1 on F.Silkscreen
    @(43.0000 mm, 28.5700 mm): Reference field of C4
[silk_overlap]: Silkscreen clearance
    Rule: board setup constraints silk; warning
    @(48.0000 mm, 29.5700 mm): Reference field of R6
    @(53.6000 mm, 28.9000 mm): Segment of SW1 on F.Silkscreen
[silk_overlap]: Silkscreen clearance
    Rule: board setup constraints silk; warning
    @(147.9204 mm, 63.6604 mm): Segment of J916 on F.Silkscreen
    @(148.2204 mm, 65.4624 mm): Reference field of J926
[silk_overlap]: Silkscreen clearance
    Rule: board setup constraints silk; warning
    @(147.9204 mm, 65.5604 mm): Segment of J916 on F.Silkscreen
    @(148.2204 mm, 65.4624 mm): Reference field of J926
[silk_overlap]: Silkscreen clearance
    Rule: board setup constraints silk; warning
    @(148.2204 mm, 65.4624 mm): Reference field of J926
    @(145.7204 mm, 65.4624 mm): Reference field of J925
[silk_overlap]: Silkscreen clearance
    Rule: board setup constraints silk; warning
    @(147.9204 mm, 65.5604 mm): Segment of J916 on F.Silkscreen
    @(145.7204 mm, 65.4624 mm): Reference field of J925
[silk_overlap]: Silkscreen clearance
    Rule: board setup constraints silk; warning
    @(146.9704 mm, 62.9624 mm): Reference field of J916
    @(147.2704 mm, 63.0604 mm): Segment of J915 on F.Silkscreen
[silk_overlap]: Silkscreen clearance
    Rule: board setup constraints silk; warning
    @(149.1704 mm, 63.0604 mm): Segment of J915 on F.Silkscreen
    @(146.9704 mm, 62.9624 mm): Reference field of J916
[silk_overlap]: Silkscreen clearance
    Rule: board setup constraints silk; warning
    @(146.9704 mm, 62.9624 mm): Reference field of J916
    @(146.6704 mm, 61.1604 mm): Segment of J914 on F.Silkscreen
[silk_overlap]: Silkscreen clearance
    Rule: board setup constraints silk; warning
    @(146.9704 mm, 62.9624 mm): Reference field of J916
    @(146.6704 mm, 63.0604 mm): Segment of J914 on F.Silkscreen
[silk_overlap]: Silkscreen clearance
    Rule: board setup constraints silk; warning
    @(146.0204 mm, 65.5604 mm): Segment of J916 on F.Silkscreen
    @(145.7204 mm, 65.4624 mm): Reference field of J925
[silk_overlap]: Silkscreen clearance
    Rule: board setup constraints silk; warning
    @(146.9704 mm, 67.9624 mm): Reference field of J927
    @(149.1704 mm, 68.0604 mm): Segment of J926 on F.Silkscreen
[silk_overlap]: Silkscreen clearance
    Rule: board setup constraints silk; warning
    @(147.9204 mm, 68.6604 mm): Segment of J927 on F.Silkscreen
    @(148.2204 mm, 70.4624 mm): Reference field of J929
[silk_overlap]: Silkscreen clearance
    Rule: board setup constraints silk; warning
    @(148.2204 mm, 70.4624 mm): Reference field of J929
    @(145.7204 mm, 70.4624 mm): Reference field of J928
[silk_overlap]: Silkscreen clearance
    Rule: board setup constraints silk; warning
    @(146.9704 mm, 67.9624 mm): Reference field of J927
    @(146.6704 mm, 68.0604 mm): Segment of J925 on F.Silkscreen
[silk_overlap]: Silkscreen clearance
    Rule: board setup constraints silk; warning
    @(146.6704 mm, 66.1604 mm): Segment of J925 on F.Silkscreen
    @(146.9704 mm, 67.9624 mm): Reference field of J927
[silk_overlap]: Silkscreen clearance
    Rule: board setup constraints silk; warning
    @(146.9704 mm, 67.9624 mm): Reference field of J927
    @(147.2704 mm, 68.0604 mm): Segment of J926 on F.Silkscreen
[silk_overlap]: Silkscreen clearance
    Rule: board setup constraints silk; warning
    @(146.0204 mm, 70.5604 mm): Segment of J927 on F.Silkscreen
    @(145.7204 mm, 70.4624 mm): Reference field of J928
[silk_overlap]: Silkscreen clearance
    Rule: board setup constraints silk; warning
    @(147.9204 mm, 70.5604 mm): Segment of J927 on F.Silkscreen
    @(145.7204 mm, 70.4624 mm): Reference field of J928
[silk_overlap]: Silkscreen clearance
    Rule: board setup constraints silk; warning
    @(147.9204 mm, 70.5604 mm): Segment of J927 on F.Silkscreen
    @(148.2204 mm, 70.4624 mm): Reference field of J929
[silk_over_copper]: Silkscreen clipped by solder mask
    Local override; warning
    @(54.0000 mm, 35.5700 mm): Reference field of D3
    @(54.1750 mm, 35.0000 mm): Pad 1 [CELL_MID] of R15 on F.Cu
[silk_over_copper]: Silkscreen clipped by solder mask
    Local override; warning
    @(150.7300 mm, 40.1000 mm): Footprint text of SW2 (GND)
    @(150.8250 mm, 40.0000 mm): Pad 2 [EXP_GPB5] of R36 on F.Cu
[silk_over_copper]: Silkscreen clipped by solder mask
    Local override; warning
    @(155.8100 mm, 40.1000 mm): Footprint text of SW2 (A/B)
    @(155.8250 mm, 40.0000 mm): Pad 2 [EXP_GPB6] of R37 on F.Cu
[silk_over_copper]: Silkscreen clipped by solder mask
    Local override; warning
    @(145.0000 mm, 38.5700 mm): Reference field of R35
    @(144.3800 mm, 38.1500 mm): PTH pad 2 [+3V3_SW] of SW2
[silk_over_copper]: Silkscreen clipped by solder mask
    Local override; warning
    @(150.0000 mm, 38.5700 mm): Reference field of R36
    @(149.4600 mm, 38.1500 mm): PTH pad 3 [GND] of SW2
[silk_over_copper]: Silkscreen clipped by solder mask
    Local override; warning
    @(150.0000 mm, 38.5700 mm): Reference field of R36
    @(152.0000 mm, 38.1500 mm): PTH pad 3 [GND] of SW2
[silk_over_copper]: Silkscreen clipped by solder mask
    Local override; warning
    @(145.0000 mm, 38.5700 mm): Reference field of R35
    @(146.9200 mm, 38.1500 mm): PTH pad 2 [+3V3_SW] of SW2
[silk_over_copper]: Silkscreen clipped by solder mask
    Local override; warning
    @(145.6500 mm, 40.7000 mm): Footprint text of SW2 (VOUT)
    @(145.8250 mm, 40.0000 mm): Pad 2 [EXP_GPB4] of R35 on F.Cu
[silk_over_copper]: Silkscreen clipped by solder mask
    Local override; warning
    @(130.7204 mm, 55.6804 mm): Reference field of R44
    @(130.6079 mm, 55.5604 mm): Pad 4 [EXP_GPA2] of D4 on F.Cu
[silk_over_copper]: Silkscreen clipped by solder mask
    Local override; warning
    @(131.9704 mm, 57.9624 mm): Reference field of J911
    @(131.5454 mm, 57.1104 mm): Pad 2 [MCP_INTB] of R44 on F.Cu
[silk_over_copper]: Silkscreen clipped by solder mask
    Local override; warning
    @(155.0000 mm, 38.5700 mm): Reference field of R37
    @(154.5400 mm, 38.1500 mm): PTH pad A [<no net>] of SW2
[silk_over_copper]: Silkscreen clipped by solder mask
    Local override; warning
    @(145.6500 mm, 49.2000 mm): Footprint text of SW2 (VIN)
    @(145.2750 mm, 49.0000 mm): Pad 2 [GND] of C18 on F.Cu
[silk_over_copper]: Silkscreen clipped by solder mask
    Local override; warning
    @(145.6500 mm, 49.2000 mm): Footprint text of SW2 (VIN)
    @(144.3800 mm, 50.8500 mm): PTH pad 1 [+3V3] of SW2
[silk_over_copper]: Silkscreen clipped by solder mask
    Local override; warning
    @(150.7300 mm, 48.9000 mm): Footprint text of SW2 (GND)
    @(150.2750 mm, 49.0000 mm): Pad 2 [GND] of C19 on F.Cu
[silk_over_copper]: Silkscreen clipped by solder mask
    Local override; warning
    @(154.5400 mm, 49.3000 mm): Footprint text of SW2 (ON)
    @(153.7250 mm, 49.0000 mm): Pad 1 [+3V3_SW] of C20 on F.Cu
[silk_over_copper]: Silkscreen clipped by solder mask
    Local override; warning
    @(154.5400 mm, 49.3000 mm): Footprint text of SW2 (ON)
    @(155.2750 mm, 49.0000 mm): Pad 2 [GND] of C20 on F.Cu
[silk_over_copper]: Silkscreen clipped by solder mask
    Local override; warning
    @(160.9000 mm, 36.9000 mm): Segment of SW2 on F.Silkscreen
    @(160.8250 mm, 40.0000 mm): Pad 2 [EXP_GPB7] of R38 on F.Cu
[silk_over_copper]: Silkscreen clipped by solder mask
    Local override; warning
    @(155.0000 mm, 38.5700 mm): Reference field of R37
    @(157.0800 mm, 38.1500 mm): PTH pad B [<no net>] of SW2
[silk_over_copper]: Silkscreen clipped by solder mask
    Local override; warning
    @(148.2204 mm, 60.4624 mm): Reference field of J915
    @(146.9704 mm, 59.6104 mm): Pad 1 [EXP_GPB4] of J913 on F.Cu
[silk_over_copper]: Silkscreen clipped by solder mask
    Local override; warning
    @(145.7204 mm, 55.4624 mm): Reference field of J97
    @(146.1454 mm, 54.6104 mm): Pad 1 [+3V3_SW] of R43 on F.Cu
[silk_over_copper]: Silkscreen clipped by solder mask
    Local override; warning
    @(148.2204 mm, 55.4624 mm): Reference field of J910
    @(147.7954 mm, 54.6104 mm): Pad 2 [MCP_INTA] of R43 on F.Cu
[silk_over_copper]: Silkscreen clipped by solder mask
    Local override; warning
    @(146.9704 mm, 57.9624 mm): Reference field of J913
    @(148.2204 mm, 57.1104 mm): Pad 1 [EXP_GPB1] of J910 on F.Cu
[silk_over_copper]: Silkscreen clipped by solder mask
    Local override; warning
    @(146.9704 mm, 57.9624 mm): Reference field of J913
    @(145.7204 mm, 57.1104 mm): Pad 1 [EXP_GPA6] of J97 on F.Cu
[silk_over_copper]: Silkscreen clipped by solder mask
    Local override; warning
    @(145.7204 mm, 60.4624 mm): Reference field of J914
    @(146.9704 mm, 59.6104 mm): Pad 1 [EXP_GPB4] of J913 on F.Cu
[silk_over_copper]: Silkscreen clipped by solder mask
    Local override; warning
    @(43.0000 mm, 40.5700 mm): Reference field of C10
    @(44.1750 mm, 40.0000 mm): Pad 1 [VM_SENSE] of R16 on F.Cu
[silk_over_copper]: Silkscreen clipped by solder mask
    Local override; warning
    @(34.0000 mm, 62.3200 mm): Reference field of C14
    @(35.2250 mm, 62.0000 mm): Pad 1 [BST_5V] of C15 on F.Cu
[silk_over_copper]: Silkscreen clipped by solder mask
    Local override; warning
    @(38.4000 mm, 28.9000 mm): Segment of SW1 on F.Silkscreen
    @(37.9500 mm, 18.0000 mm): Pad 2 [GND] of C1 on F.Cu
[silk_over_copper]: Silkscreen clipped by solder mask
    Local override; warning
    @(41.6000 mm, 18.7300 mm): Footprint text of SW1 (GND)
    @(42.7750 mm, 18.0000 mm): Pad 2 [GND] of C2 on F.Cu
[silk_over_copper]: Silkscreen clipped by solder mask
    Local override; warning
    @(41.3000 mm, 13.6500 mm): Footprint text of SW1 (VIN)
    @(39.6500 mm, 12.3800 mm): PTH pad 1 [+5V] of SW1
[silk_over_copper]: Silkscreen clipped by solder mask
    Local override; warning
    @(41.6000 mm, 18.7300 mm): Footprint text of SW1 (GND)
    @(41.2250 mm, 18.0000 mm): Pad 1 [CHG_IN] of C2 on F.Cu
[silk_over_copper]: Silkscreen clipped by solder mask
    Local override; warning
    @(53.6000 mm, 28.9000 mm): Segment of SW1 on F.Silkscreen
    @(48.8625 mm, 28.9500 mm): Pad 3 [VM_SENSE] of U2 on F.Cu
[silk_over_copper]: Silkscreen clipped by solder mask
    Local override; warning
    @(53.6000 mm, 28.9000 mm): Segment of SW1 on F.Silkscreen
    @(51.1375 mm, 28.9500 mm): Pad 4 [PROT_VC] of U2 on F.Cu
[silk_over_copper]: Silkscreen clipped by solder mask
    Local override; warning
    @(48.0000 mm, 29.5700 mm): Reference field of R6
    @(48.8625 mm, 28.9500 mm): Pad 3 [VM_SENSE] of U2 on F.Cu
[silk_over_copper]: Silkscreen clipped by solder mask
    Local override; warning
    @(148.2204 mm, 65.4624 mm): Reference field of J926
    @(146.9704 mm, 64.6104 mm): Pad 1 [EXP_GPB7] of J916 on F.Cu
[silk_over_copper]: Silkscreen clipped by solder mask
    Local override; warning
    @(145.7204 mm, 65.4624 mm): Reference field of J925
    @(146.9704 mm, 64.6104 mm): Pad 1 [EXP_GPB7] of J916 on F.Cu
[silk_over_copper]: Silkscreen clipped by solder mask
    Local override; warning
    @(146.9704 mm, 67.9624 mm): Reference field of J927
    @(148.2204 mm, 67.1104 mm): Pad 1 [MCP_INTB] of J926 on F.Cu
[silk_over_copper]: Silkscreen clipped by solder mask
    Local override; warning
    @(145.7204 mm, 70.4624 mm): Reference field of J928
    @(146.9704 mm, 69.6104 mm): Pad 1 [MCP_RESET] of J927 on F.Cu
[silk_over_copper]: Silkscreen clipped by solder mask
    Local override; warning
    @(146.9704 mm, 62.9624 mm): Reference field of J916
    @(145.7204 mm, 62.1104 mm): Pad 1 [EXP_GPB5] of J914 on F.Cu
[silk_over_copper]: Silkscreen clipped by solder mask
    Local override; warning
    @(146.9704 mm, 62.9624 mm): Reference field of J916
    @(148.2204 mm, 62.1104 mm): Pad 1 [EXP_GPB6] of J915 on F.Cu
[silk_over_copper]: Silkscreen clipped by solder mask
    Local override; warning
    @(163.0000 mm, 63.5520 mm): Reference field of TP9
    @(160.6500 mm, 62.8250 mm): Pad 24 [MCP_GPA3] of U7 on F.Cu
[silk_over_copper]: Silkscreen clipped by solder mask
    Local override; warning
    @(146.9704 mm, 67.9624 mm): Reference field of J927
    @(145.7204 mm, 67.1104 mm): Pad 1 [MCP_INTA] of J925 on F.Cu
[silk_over_copper]: Silkscreen clipped by solder mask
    Local override; warning
    @(148.2204 mm, 70.4624 mm): Reference field of J929
    @(146.9704 mm, 69.6104 mm): Pad 1 [MCP_RESET] of J927 on F.Cu
[silk_over_copper]: Silkscreen clipped by solder mask
    Local override; warning
    @(163.0000 mm, 73.5520 mm): Reference field of TP11
    @(160.6500 mm, 72.9850 mm): Pad 16 [MCP_A1] of U7 on F.Cu
[silk_over_copper]: Silkscreen clipped by solder mask
    Local override; warning
    @(163.0000 mm, 73.5520 mm): Reference field of TP11
    @(160.6500 mm, 74.2550 mm): Pad 15 [MCP_A0] of U7 on F.Cu
[silk_over_copper]: Silkscreen clipped by solder mask
    Local override; warning
    @(163.0000 mm, 68.5520 mm): Reference field of TP10
    @(160.6500 mm, 67.9050 mm): Pad 20 [MCP_INTA] of U7 on F.Cu
[silk_over_copper]: Silkscreen clipped by solder mask
    Local override; warning
    @(163.0000 mm, 68.5520 mm): Reference field of TP10
    @(160.6500 mm, 69.1750 mm): Pad 19 [MCP_INTB] of U7 on F.Cu

** Found 269 unconnected pads **
[unconnected_items]: Missing connection between items
    Local override; error
    @(123.8625 mm, 34.0500 mm): Pad 1 [EXP_GPA4] of D5 on F.Cu
    @(117.7954 mm, 54.6104 mm): Pad 2 [EXP_GPA4] of R27 on F.Cu
[unconnected_items]: Missing connection between items
    Local override; error
    @(140.0000 mm, 45.0000 mm): Pad 1 [EXP_GPA4] of J95 on F.Cu
    @(123.8625 mm, 34.0500 mm): Pad 1 [EXP_GPA4] of D5 on F.Cu
[unconnected_items]: Missing connection between items
    Local override; error
    @(117.0000 mm, 38.0000 mm): Pad 1 [GPIO14] of J37 on F.Cu
    @(129.0000 mm, 40.0000 mm): PTH pad 1 [GPIO14] of J6
[unconnected_items]: Missing connection between items
    Local override; error
    @(29.7500 mm, 32.0375 mm): Pad 22 [PMID] of U1 on F.Cu
    @(30.2500 mm, 32.0375 mm): Pad 21 [PMID] of U1 on F.Cu
[unconnected_items]: Missing connection between items
    Local override; error
    @(29.7500 mm, 32.0375 mm): Pad 22 [PMID] of U1 on F.Cu
    @(16.1500 mm, 34.0000 mm): Pad 1 [PMID] of L3 on F.Cu
[unconnected_items]: Missing connection between items
    Local override; error
    @(30.2500 mm, 32.0375 mm): Pad 21 [PMID] of U1 on F.Cu
    @(36.0500 mm, 30.0000 mm): Pad 1 [PMID] of C3 on F.Cu
[unconnected_items]: Missing connection between items
    Local override; error
    @(42.2250 mm, 30.0000 mm): Pad 1 [PMID] of C4 on F.Cu
    @(36.0500 mm, 30.0000 mm): Pad 1 [PMID] of C3 on F.Cu
[unconnected_items]: Missing connection between items
    Local override; error
    @(22.7750 mm, 64.0000 mm): Pad 2 [GND] of C12 on F.Cu
    @(16.9500 mm, 64.0000 mm): Pad 2 [GND] of C11 on F.Cu
[unconnected_items]: Missing connection between items
    Local override; error
    @(22.7750 mm, 64.0000 mm): Pad 2 [GND] of C12 on F.Cu
    @(22.8250 mm, 70.0000 mm): Pad 2 [GND] of R9 on F.Cu
[unconnected_items]: Missing connection between items
    Local override; error
    @(22.7750 mm, 64.0000 mm): Pad 2 [GND] of C12 on F.Cu
    @(26.1375 mm, 58.9500 mm): Pad 4 [GND] of U3 on F.Cu
[unconnected_items]: Missing connection between items
    Local override; error
    @(24.8250 mm, 25.0000 mm): Pad 2 [GND] of R4 on F.Cu
    @(18.8250 mm, 25.0000 mm): Pad 2 [GND] of R3 on F.Cu
[unconnected_items]: Missing connection between items
    Local override; error
    @(26.1375 mm, 58.9500 mm): Pad 4 [GND] of U3 on F.Cu
    @(28.9500 mm, 64.0000 mm): Pad 2 [GND] of C13 on F.Cu
[unconnected_items]: Missing connection between items
    Local override; error
    @(26.1375 mm, 58.9500 mm): Pad 4 [GND] of U3 on F.Cu
    @(30.7750 mm, 42.0000 mm): Pad 2 [GND] of C8 on F.Cu
[unconnected_items]: Missing connection between items
    Local override; error
    @(28.7500 mm, 32.0375 mm): Pad 24 [GND] of U1 on F.Cu
    @(28.0375 mm, 33.7500 mm): Pad 3 [GND] of U1 on F.Cu
[unconnected_items]: Missing connection between items
    Local override; error
    @(28.7500 mm, 32.0375 mm): Pad 24 [GND] of U1 on F.Cu
    @(24.8250 mm, 25.0000 mm): Pad 2 [GND] of R4 on F.Cu
[unconnected_items]: Missing connection between items
    Local override; error
    @(28.9500 mm, 64.0000 mm): Pad 2 [GND] of C13 on F.Cu
    @(34.9500 mm, 64.0000 mm): Pad 2 [GND] of C14 on F.Cu
[unconnected_items]: Missing connection between items
    Local override; error
    @(30.0000 mm, 34.0000 mm): Pad 25 [GND] of U1 on F.Cu
    @(28.0375 mm, 33.7500 mm): Pad 3 [GND] of U1 on F.Cu
[unconnected_items]: Missing connection between items
    Local override; error
    @(30.7500 mm, 32.0375 mm): Pad 20 [GND] of U1 on F.Cu
    @(31.2500 mm, 32.0375 mm): Pad 19 [GND] of U1 on F.Cu
[unconnected_items]: Missing connection between items
    Local override; error
    @(30.7500 mm, 32.0375 mm): Pad 20 [GND] of U1 on F.Cu
    @(28.7500 mm, 32.0375 mm): Pad 24 [GND] of U1 on F.Cu
[unconnected_items]: Missing connection between items
    Local override; error
    @(30.7750 mm, 42.0000 mm): Pad 2 [GND] of C8 on F.Cu
    @(30.0000 mm, 34.0000 mm): Pad 25 [GND] of U1 on F.Cu
[unconnected_items]: Missing connection between items
    Local override; error
    @(31.8250 mm, 13.0000 mm): Pad 2 [GND] of R2 on F.Cu
    @(26.8250 mm, 13.0000 mm): Pad 2 [GND] of R1 on F.Cu
[unconnected_items]: Missing connection between items
    Local override; error
    @(31.8250 mm, 13.0000 mm): Pad 2 [GND] of R2 on F.Cu
    @(32.0500 mm, 18.0000 mm): Pad 2 [GND] of D1 on F.Cu
[unconnected_items]: Missing connection between items
    Local override; error
    @(32.0500 mm, 18.0000 mm): Pad 2 [GND] of D1 on F.Cu
    @(37.9500 mm, 18.0000 mm): Pad 2 [GND] of C1 on F.Cu
[unconnected_items]: Missing connection between items
    Local override; error
    @(32.0500 mm, 18.0000 mm): Pad 2 [GND] of D1 on F.Cu
    @(24.8250 mm, 25.0000 mm): Pad 2 [GND] of R4 on F.Cu
[unconnected_items]: Missing connection between items
    Local override; error
    @(37.9500 mm, 30.0000 mm): Pad 2 [GND] of C3 on F.Cu
    @(37.9500 mm, 35.0000 mm): Pad 2 [GND] of C5 on F.Cu
[unconnected_items]: Missing connection between items
    Local override; error
    @(37.9500 mm, 30.0000 mm): Pad 2 [GND] of C3 on F.Cu
    @(31.2500 mm, 32.0375 mm): Pad 19 [GND] of U1 on F.Cu
[unconnected_items]: Missing connection between items
    Local override; error
    @(39.6500 mm, 17.4600 mm): PTH pad 3 [GND] of SW1
    @(37.9500 mm, 18.0000 mm): Pad 2 [GND] of C1 on F.Cu
[unconnected_items]: Missing connection between items
    Local override; error
    @(39.6500 mm, 17.4600 mm): PTH pad 3 [GND] of SW1
    @(39.6500 mm, 20.0000 mm): PTH pad 3 [GND] of SW1
[unconnected_items]: Missing connection between items
    Local override; error
    @(42.7750 mm, 18.0000 mm): Pad 2 [GND] of C2 on F.Cu
    @(39.6500 mm, 17.4600 mm): PTH pad 3 [GND] of SW1
[unconnected_items]: Missing connection between items
    Local override; error
    @(43.7750 mm, 30.0000 mm): Pad 2 [GND] of C4 on F.Cu
    @(37.9500 mm, 30.0000 mm): Pad 2 [GND] of C3 on F.Cu
[unconnected_items]: Missing connection between items
    Local override; error
    @(43.7750 mm, 35.0000 mm): Pad 2 [GND] of C6 on F.Cu
    @(43.7750 mm, 30.0000 mm): Pad 2 [GND] of C4 on F.Cu
[unconnected_items]: Missing connection between items
    Local override; error
    @(43.7750 mm, 35.0000 mm): Pad 2 [GND] of C6 on F.Cu
    @(45.8250 mm, 40.0000 mm): Pad 2 [GND] of R16 on F.Cu
[unconnected_items]: Missing connection between items
    Local override; error
    @(45.8250 mm, 40.0000 mm): Pad 2 [GND] of R16 on F.Cu
    @(50.3250 mm, 35.6500 mm): Pad C2 [GND] of Q1 on F.Cu
[unconnected_items]: Missing connection between items
    Local override; error
    @(50.3250 mm, 35.6500 mm): Pad C2 [GND] of Q1 on F.Cu
    @(50.3250 mm, 34.3500 mm): Pad A2 [GND] of Q1 on F.Cu
[unconnected_items]: Missing connection between items
    Local override; error
    @(52.3500 mm, 17.4600 mm): PTH pad 3 [GND] of SW1
    @(52.3500 mm, 20.0000 mm): PTH pad 3 [GND] of SW1
[unconnected_items]: Missing connection between items
    Local override; error
    @(52.3500 mm, 17.4600 mm): PTH pad 3 [GND] of SW1
    @(42.7750 mm, 18.0000 mm): Pad 2 [GND] of C2 on F.Cu
[unconnected_items]: Missing connection between items
    Local override; error
    @(54.8250 mm, 43.0000 mm): Pad 2 [GND] of TH1 on F.Cu
    @(50.3250 mm, 35.6500 mm): Pad C2 [GND] of Q1 on F.Cu
[unconnected_items]: Missing connection between items
    Local override; error
    @(54.8250 mm, 43.0000 mm): Pad 2 [GND] of TH1 on F.Cu
    @(97.7500 mm, 50.1500 mm): Pad 2 [GND] of J4 on F.Cu
[unconnected_items]: Missing connection between items
    Local override; error
    @(58.5000 mm, 30.0000 mm): Pad 1 [GND] of J39 on F.Cu
    @(50.3250 mm, 34.3500 mm): Pad A2 [GND] of Q1 on F.Cu
[unconnected_items]: Missing connection between items
    Local override; error
    @(101.5000 mm, 50.1500 mm): Pad 5 [GND] of J4 on F.Cu
    @(97.7500 mm, 50.1500 mm): Pad 2 [GND] of J4 on F.Cu
[unconnected_items]: Missing connection between items
    Local override; error
    @(107.7454 mm, 54.6104 mm): Pad 2 [GND] of C27 on F.Cu
    @(101.5000 mm, 50.1500 mm): Pad 5 [GND] of J4 on F.Cu
[unconnected_items]: Missing connection between items
    Local override; error
    @(107.7454 mm, 54.6104 mm): Pad 2 [GND] of C27 on F.Cu
    @(122.3500 mm, 49.0000 mm): Pad 3 [GND] of U5 on F.Cu
[unconnected_items]: Missing connection between items
    Local override; error
    @(122.3500 mm, 48.0000 mm): Pad 1 [GND] of U5 on F.Cu
    @(122.3500 mm, 49.0000 mm): Pad 3 [GND] of U5 on F.Cu
[unconnected_items]: Missing connection between items
    Local override; error
    @(122.3500 mm, 48.0000 mm): Pad 1 [GND] of U5 on F.Cu
    @(123.8625 mm, 35.9500 mm): Pad 3 [GND] of D5 on F.Cu
[unconnected_items]: Missing connection between items
    Local override; error
    @(122.3500 mm, 49.0000 mm): Pad 3 [GND] of U5 on F.Cu
    @(129.8500 mm, 49.0000 mm): Pad 3 [GND] of U6 on F.Cu
[unconnected_items]: Missing connection between items
    Local override; error
    @(128.3329 mm, 55.5604 mm): Pad 3 [GND] of D4 on F.Cu
    @(133.3329 mm, 55.5604 mm): Pad 3 [GND] of D7 on F.Cu
[unconnected_items]: Missing connection between items
    Local override; error
    @(128.8625 mm, 35.9500 mm): Pad 3 [GND] of D6 on F.Cu
    @(123.8625 mm, 35.9500 mm): Pad 3 [GND] of D5 on F.Cu
[unconnected_items]: Missing connection between items
    Local override; error
    @(128.8625 mm, 35.9500 mm): Pad 3 [GND] of D6 on F.Cu
    @(129.0000 mm, 25.5400 mm): PTH pad 2 [GND] of J5
[unconnected_items]: Missing connection between items
    Local override; error
    @(129.8500 mm, 49.0000 mm): Pad 3 [GND] of U6 on F.Cu
    @(128.3329 mm, 55.5604 mm): Pad 3 [GND] of D4 on F.Cu
[unconnected_items]: Missing connection between items
    Local override; error
    @(138.7750 mm, 59.0000 mm): Pad 2 [GND] of C29 on F.Cu
    @(138.8250 mm, 64.0000 mm): Pad 2 [GND] of R40 on F.Cu
[unconnected_items]: Missing connection between items
    Local override; error
    @(138.7750 mm, 59.0000 mm): Pad 2 [GND] of C29 on F.Cu
    @(133.3329 mm, 55.5604 mm): Pad 3 [GND] of D7 on F.Cu
[unconnected_items]: Missing connection between items
    Local override; error
    @(140.2750 mm, 49.0000 mm): Pad 2 [GND] of C17 on F.Cu
    @(145.2750 mm, 49.0000 mm): Pad 2 [GND] of C18 on F.Cu
[unconnected_items]: Missing connection between items
    Local override; error
    @(143.7750 mm, 54.0000 mm): Pad 2 [GND] of C28 on F.Cu
    @(143.8250 mm, 59.0000 mm): Pad 2 [GND] of R39 on F.Cu
[unconnected_items]: Missing connection between items
    Local override; error
    @(143.8250 mm, 59.0000 mm): Pad 2 [GND] of R39 on F.Cu
    @(143.8250 mm, 64.0000 mm): Pad 2 [GND] of R41 on F.Cu
[unconnected_items]: Missing connection between items
    Local override; error
    @(143.8250 mm, 64.0000 mm): Pad 2 [GND] of R41 on F.Cu
    @(138.8250 mm, 64.0000 mm): Pad 2 [GND] of R40 on F.Cu
[unconnected_items]: Missing connection between items
    Local override; error
    @(144.1375 mm, 24.9500 mm): Pad 4 [GND] of U4 on F.Cu
    @(151.9500 mm, 25.0000 mm): Pad 2 [GND] of C16 on F.Cu
[unconnected_items]: Missing connection between items
    Local override; error
    @(145.2750 mm, 49.0000 mm): Pad 2 [GND] of C18 on F.Cu
    @(149.4600 mm, 50.8500 mm): PTH pad 3 [GND] of SW2
[unconnected_items]: Missing connection between items
    Local override; error
    @(145.2750 mm, 49.0000 mm): Pad 2 [GND] of C18 on F.Cu
    @(143.7750 mm, 54.0000 mm): Pad 2 [GND] of C28 on F.Cu
[unconnected_items]: Missing connection between items
    Local override; error
    @(148.2204 mm, 72.1104 mm): Pad 1 [GND] of J929 on F.Cu
    @(151.3500 mm, 69.1750 mm): Pad 10 [GND] of U7 on F.Cu
[unconnected_items]: Missing connection between items
    Local override; error
    @(148.2204 mm, 72.1104 mm): Pad 1 [GND] of J929 on F.Cu
    @(163.0000 mm, 88.0000 mm): Pad 1 [GND] of TP14 on F.Cu
[unconnected_items]: Missing connection between items
    Local override; error
    @(150.2750 mm, 49.0000 mm): Pad 2 [GND] of C19 on F.Cu
    @(149.4600 mm, 50.8500 mm): PTH pad 3 [GND] of SW2
[unconnected_items]: Missing connection between items
    Local override; error
    @(150.2750 mm, 49.0000 mm): Pad 2 [GND] of C19 on F.Cu
    @(152.0000 mm, 50.8500 mm): PTH pad 3 [GND] of SW2
[unconnected_items]: Missing connection between items
    Local override; error
    @(150.2750 mm, 49.0000 mm): Pad 2 [GND] of C19 on F.Cu
    @(149.4600 mm, 38.1500 mm): PTH pad 3 [GND] of SW2
[unconnected_items]: Missing connection between items
    Local override; error
    @(151.3500 mm, 69.1750 mm): Pad 10 [GND] of U7 on F.Cu
    @(143.8250 mm, 64.0000 mm): Pad 2 [GND] of R41 on F.Cu
[unconnected_items]: Missing connection between items
    Local override; error
    @(151.9500 mm, 25.0000 mm): Pad 2 [GND] of C16 on F.Cu
    @(151.9500 mm, 30.0000 mm): Pad 2 [GND] of C23 on F.Cu
[unconnected_items]: Missing connection between items
    Local override; error
    @(151.9500 mm, 30.0000 mm): Pad 2 [GND] of C23 on F.Cu
    @(156.8250 mm, 35.0000 mm): Pad 2 [GND] of R12 on F.Cu
[unconnected_items]: Missing connection between items
    Local override; error
    @(152.0000 mm, 38.1500 mm): PTH pad 3 [GND] of SW2
    @(149.4600 mm, 38.1500 mm): PTH pad 3 [GND] of SW2
[unconnected_items]: Missing connection between items
    Local override; error
    @(152.0000 mm, 38.1500 mm): PTH pad 3 [GND] of SW2
    @(156.8250 mm, 35.0000 mm): Pad 2 [GND] of R12 on F.Cu
[unconnected_items]: Missing connection between items
    Local override; error
    @(152.0000 mm, 50.8500 mm): PTH pad 3 [GND] of SW2
    @(155.2750 mm, 49.0000 mm): Pad 2 [GND] of C20 on F.Cu
[unconnected_items]: Missing connection between items
    Local override; error
    @(156.7750 mm, 25.0000 mm): Pad 2 [GND] of C21 on F.Cu
    @(151.9500 mm, 25.0000 mm): Pad 2 [GND] of C16 on F.Cu
[unconnected_items]: Missing connection between items
    Local override; error
    @(156.7750 mm, 25.0000 mm): Pad 2 [GND] of C21 on F.Cu
    @(161.9500 mm, 25.0000 mm): Pad 2 [GND] of C22 on F.Cu
[unconnected_items]: Missing connection between items
    Local override; error
    @(161.9500 mm, 25.0000 mm): Pad 2 [GND] of C22 on F.Cu
    @(160.6600 mm, 15.4000 mm): PTH pad 10 [GND] of J8
[unconnected_items]: Missing connection between items
    Local override; error
    @(106.1954 mm, 54.6104 mm): Pad 1 [+3V3_SW] of C27 on F.Cu
    @(126.6500 mm, 49.0000 mm): Pad 8 [+3V3_SW] of U5 on F.Cu
[unconnected_items]: Missing connection between items
    Local override; error
    @(129.0000 mm, 23.0000 mm): PTH pad 1 [+3V3_SW] of J5
    @(144.3800 mm, 38.1500 mm): PTH pad 2 [+3V3_SW] of SW2
[unconnected_items]: Missing connection between items
    Local override; error
    @(129.8500 mm, 48.0000 mm): Pad 1 [+3V3_SW] of U6 on F.Cu
    @(126.6500 mm, 49.0000 mm): Pad 8 [+3V3_SW] of U5 on F.Cu
[unconnected_items]: Missing connection between items
    Local override; error
    @(129.8954 mm, 57.1104 mm): Pad 1 [+3V3_SW] of R44 on F.Cu
    @(126.6500 mm, 49.0000 mm): Pad 8 [+3V3_SW] of U5 on F.Cu
[unconnected_items]: Missing connection between items
    Local override; error
    @(134.1500 mm, 49.0000 mm): Pad 8 [+3V3_SW] of U6 on F.Cu
    @(129.8500 mm, 48.0000 mm): Pad 1 [+3V3_SW] of U6 on F.Cu
[unconnected_items]: Missing connection between items
    Local override; error
    @(134.1500 mm, 49.0000 mm): Pad 8 [+3V3_SW] of U6 on F.Cu
    @(138.7250 mm, 49.0000 mm): Pad 1 [+3V3_SW] of C17 on F.Cu
[unconnected_items]: Missing connection between items
    Local override; error
    @(142.1750 mm, 69.0000 mm): Pad 1 [+3V3_SW] of R42 on F.Cu
    @(145.7204 mm, 72.1104 mm): Pad 1 [+3V3_SW] of J928 on F.Cu
[unconnected_items]: Missing connection between items
    Local override; error
    @(142.2250 mm, 54.0000 mm): Pad 1 [+3V3_SW] of C28 on F.Cu
    @(146.1454 mm, 54.6104 mm): Pad 1 [+3V3_SW] of R43 on F.Cu
[unconnected_items]: Missing connection between items
    Local override; error
    @(143.7250 mm, 49.0000 mm): Pad 1 [+3V3_SW] of C18 on F.Cu
    @(148.7250 mm, 49.0000 mm): Pad 1 [+3V3_SW] of C19 on F.Cu
[unconnected_items]: Missing connection between items
    Local override; error
    @(143.7250 mm, 49.0000 mm): Pad 1 [+3V3_SW] of C18 on F.Cu
    @(138.7250 mm, 49.0000 mm): Pad 1 [+3V3_SW] of C17 on F.Cu
[unconnected_items]: Missing connection between items
    Local override; error
    @(143.7250 mm, 49.0000 mm): Pad 1 [+3V3_SW] of C18 on F.Cu
    @(142.2250 mm, 54.0000 mm): Pad 1 [+3V3_SW] of C28 on F.Cu
[unconnected_items]: Missing connection between items
    Local override; error
    @(143.7250 mm, 49.0000 mm): Pad 1 [+3V3_SW] of C18 on F.Cu
    @(144.3800 mm, 38.1500 mm): PTH pad 2 [+3V3_SW] of SW2
[unconnected_items]: Missing connection between items
    Local override; error
    @(144.3800 mm, 38.1500 mm): PTH pad 2 [+3V3_SW] of SW2
    @(146.9200 mm, 38.1500 mm): PTH pad 2 [+3V3_SW] of SW2
[unconnected_items]: Missing connection between items
    Local override; error
    @(145.7204 mm, 72.1104 mm): Pad 1 [+3V3_SW] of J928 on F.Cu
    @(151.3500 mm, 67.9050 mm): Pad 9 [+3V3_SW] of U7 on F.Cu
[unconnected_items]: Missing connection between items
    Local override; error
    @(146.9200 mm, 38.1500 mm): PTH pad 2 [+3V3_SW] of SW2
    @(158.1200 mm, 15.4000 mm): PTH pad 9 [+3V3_SW] of J8
[unconnected_items]: Missing connection between items
    Local override; error
    @(148.7250 mm, 49.0000 mm): Pad 1 [+3V3_SW] of C19 on F.Cu
    @(153.7250 mm, 49.0000 mm): Pad 1 [+3V3_SW] of C20 on F.Cu
[unconnected_items]: Missing connection between items
    Local override; error
    @(150.8250 mm, 54.0000 mm): Pad 2 [+3V3_SW] of R19 on F.Cu
    @(146.1454 mm, 54.6104 mm): Pad 1 [+3V3_SW] of R43 on F.Cu
[unconnected_items]: Missing connection between items
    Local override; error
    @(150.8250 mm, 54.0000 mm): Pad 2 [+3V3_SW] of R19 on F.Cu
    @(155.8250 mm, 54.0000 mm): Pad 2 [+3V3_SW] of R20 on F.Cu
[unconnected_items]: Missing connection between items
    Local override; error
    @(151.3500 mm, 67.9050 mm): Pad 9 [+3V3_SW] of U7 on F.Cu
    @(163.0000 mm, 65.0000 mm): Pad 1 [+3V3_SW] of TP9 on F.Cu
[unconnected_items]: Missing connection between items
    Local override; error
    @(155.8250 mm, 54.0000 mm): Pad 2 [+3V3_SW] of R20 on F.Cu
    @(163.0000 mm, 65.0000 mm): Pad 1 [+3V3_SW] of TP9 on F.Cu
[unconnected_items]: Missing connection between items
    Local override; error
    @(131.5454 mm, 57.1104 mm): Pad 2 [MCP_INTB] of R44 on F.Cu
    @(148.2204 mm, 67.1104 mm): Pad 1 [MCP_INTB] of J926 on F.Cu
[unconnected_items]: Missing connection between items
    Local override; error
    @(148.2204 mm, 67.1104 mm): Pad 1 [MCP_INTB] of J926 on F.Cu
    @(160.6500 mm, 69.1750 mm): Pad 19 [MCP_INTB] of U7 on F.Cu
[unconnected_items]: Missing connection between items
    Local override; error
    @(121.1454 mm, 54.6104 mm): Pad 1 [MCP_GPB0] of R31 on F.Cu
    @(151.3500 mm, 57.7450 mm): Pad 1 [MCP_GPB0] of U7 on F.Cu
[unconnected_items]: Missing connection between items
    Local override; error
    @(120.0000 mm, 50.0000 mm): Pad 1 [EXP_GPB0] of J99 on F.Cu
    @(122.7954 mm, 54.6104 mm): Pad 2 [EXP_GPB0] of R31 on F.Cu
[unconnected_items]: Missing connection between items
    Local override; error
    @(128.8625 mm, 34.0500 mm): Pad 1 [EXP_GPB0] of D6 on F.Cu
    @(120.0000 mm, 50.0000 mm): Pad 1 [EXP_GPB0] of J99 on F.Cu
[unconnected_items]: Missing connection between items
    Local override; error
    @(19.8500 mm, 34.0000 mm): Pad 2 [CHG_SW] of L3 on F.Cu
    @(24.7750 mm, 42.0000 mm): Pad 2 [CHG_SW] of C7 on F.Cu
[unconnected_items]: Missing connection between items
    Local override; error
    @(24.7750 mm, 42.0000 mm): Pad 2 [CHG_SW] of C7 on F.Cu
    @(31.9625 mm, 33.2500 mm): Pad 17 [CHG_SW] of U1 on F.Cu
[unconnected_items]: Missing connection between items
    Local override; error
    @(31.9625 mm, 33.2500 mm): Pad 17 [CHG_SW] of U1 on F.Cu
    @(31.9625 mm, 32.7500 mm): Pad 18 [CHG_SW] of U1 on F.Cu
[unconnected_items]: Missing connection between items
    Local override; error
    @(142.1750 mm, 64.0000 mm): Pad 1 [MCP_A2] of R41 on F.Cu
    @(160.6500 mm, 71.7150 mm): Pad 17 [MCP_A2] of U7 on F.Cu
[unconnected_items]: Missing connection between items
    Local override; error
    @(17.1750 mm, 25.0000 mm): Pad 1 [ILIM] of R3 on F.Cu
    @(29.2500 mm, 35.9625 mm): Pad 8 [ILIM] of U1 on F.Cu
[unconnected_items]: Missing connection between items
    Local override; error
    @(139.1750 mm, 35.0000 mm): Pad 1 [MCP_GPA6] of R29 on F.Cu
    @(160.6500 mm, 59.0150 mm): Pad 27 [MCP_GPA6] of U7 on F.Cu
[unconnected_items]: Missing connection between items
    Local override; error
    @(140.8250 mm, 35.0000 mm): Pad 2 [EXP_GPA6] of R29 on F.Cu
    @(126.1375 mm, 35.9500 mm): Pad 4 [EXP_GPA6] of D5 on F.Cu
[unconnected_items]: Missing connection between items
    Local override; error
    @(145.7204 mm, 57.1104 mm): Pad 1 [EXP_GPA6] of J97 on F.Cu
    @(140.8250 mm, 35.0000 mm): Pad 2 [EXP_GPA6] of R29 on F.Cu
[unconnected_items]: Missing connection between items
    Local override; error
    @(23.4000 mm, 45.0000 mm): Pad 2 [PACK_P] of F3 on F.Cu
    @(25.0000 mm, 75.0000 mm): Pad 1 [PACK_P] of TP3 on F.Cu
[unconnected_items]: Missing connection between items
    Local override; error
    @(27.6000 mm, 45.0000 mm): Pad 1 [PACK_P] of F4 on F.Cu
    @(23.4000 mm, 45.0000 mm): Pad 2 [PACK_P] of F3 on F.Cu
[unconnected_items]: Missing connection between items
    Local override; error
    @(31.9625 mm, 33.7500 mm): Pad 16 [PACK_P] of U1 on F.Cu
    @(31.9625 mm, 34.2500 mm): Pad 15 [PACK_P] of U1 on F.Cu
[unconnected_items]: Missing connection between items
    Local override; error
    @(31.9625 mm, 34.7500 mm): Pad 14 [PACK_P] of U1 on F.Cu
    @(31.9625 mm, 34.2500 mm): Pad 15 [PACK_P] of U1 on F.Cu
[unconnected_items]: Missing connection between items
    Local override; error
    @(31.9625 mm, 35.2500 mm): Pad 13 [PACK_P] of U1 on F.Cu
    @(31.9625 mm, 34.7500 mm): Pad 14 [PACK_P] of U1 on F.Cu
[unconnected_items]: Missing connection between items
    Local override; error
    @(31.9625 mm, 35.2500 mm): Pad 13 [PACK_P] of U1 on F.Cu
    @(36.0500 mm, 35.0000 mm): Pad 1 [PACK_P] of C5 on F.Cu
[unconnected_items]: Missing connection between items
    Local override; error
    @(36.0500 mm, 35.0000 mm): Pad 1 [PACK_P] of C5 on F.Cu
    @(36.2250 mm, 42.0000 mm): Pad 1 [PACK_P] of C9 on F.Cu
[unconnected_items]: Missing connection between items
    Local override; error
    @(36.2250 mm, 42.0000 mm): Pad 1 [PACK_P] of C9 on F.Cu
    @(27.6000 mm, 45.0000 mm): Pad 1 [PACK_P] of F4 on F.Cu
[unconnected_items]: Missing connection between items
    Local override; error
    @(36.2250 mm, 42.0000 mm): Pad 1 [PACK_P] of C9 on F.Cu
    @(44.0000 mm, 51.0000 mm): PTH pad 3 [PACK_P] of J7
[unconnected_items]: Missing connection between items
    Local override; error
    @(44.0000 mm, 51.0000 mm): PTH pad 3 [PACK_P] of J7
    @(120.4250 mm, 17.5000 mm): Pad 1 [PACK_P] of R14 on F.Cu
[unconnected_items]: Missing connection between items
    Local override; error
    @(16.8250 mm, 70.0000 mm): Pad 2 [FB_5V] of R8 on F.Cu
    @(21.1750 mm, 70.0000 mm): Pad 1 [FB_5V] of R9 on F.Cu
[unconnected_items]: Missing connection between items
    Local override; error
    @(21.1750 mm, 70.0000 mm): Pad 1 [FB_5V] of R9 on F.Cu
    @(23.8625 mm, 57.0500 mm): Pad 1 [FB_5V] of U3 on F.Cu
[unconnected_items]: Missing connection between items
    Local override; error
    @(49.1750 mm, 52.0000 mm): Pad 1 [GPIO2] of R17 on F.Cu
    @(117.0000 mm, 28.0000 mm): Pad 1 [GPIO2] of J35 on F.Cu
[unconnected_items]: Missing connection between items
    Local override; error
    @(39.6500 mm, 27.6200 mm): PTH pad 4 [CTRL_5V_SW] of SW1
    @(50.8250 mm, 52.0000 mm): Pad 2 [CTRL_5V_SW] of R17 on F.Cu
[unconnected_items]: Missing connection between items
    Local override; error
    @(134.4704 mm, 59.6104 mm): Pad 1 [EXP_GPB3] of J912 on F.Cu
    @(140.8250 mm, 40.0000 mm): Pad 2 [EXP_GPB3] of R34 on F.Cu
[unconnected_items]: Missing connection between items
    Local override; error
    @(140.8250 mm, 40.0000 mm): Pad 2 [EXP_GPB3] of R34 on F.Cu
    @(131.1375 mm, 35.0000 mm): Pad 5 [EXP_GPB3] of D6 on F.Cu
[unconnected_items]: Missing connection between items
    Local override; error
    @(16.4000 mm, 45.0000 mm): Pad 2 [CELL_MID] of F2 on F.Cu
    @(15.0000 mm, 80.0000 mm): Pad 1 [CELL_MID] of TP4 on F.Cu
[unconnected_items]: Missing connection between items
    Local override; error
    @(29.7500 mm, 35.9625 mm): Pad 9 [CELL_MID] of U1 on F.Cu
    @(37.7750 mm, 42.0000 mm): Pad 2 [CELL_MID] of C9 on F.Cu
[unconnected_items]: Missing connection between items
    Local override; error
    @(29.7500 mm, 35.9625 mm): Pad 9 [CELL_MID] of U1 on F.Cu
    @(16.4000 mm, 45.0000 mm): Pad 2 [CELL_MID] of F2 on F.Cu
[unconnected_items]: Missing connection between items
    Local override; error
    @(41.5000 mm, 51.0000 mm): PTH pad 2 [CELL_MID] of J7
    @(42.2250 mm, 42.0000 mm): Pad 1 [CELL_MID] of C10 on F.Cu
[unconnected_items]: Missing connection between items
    Local override; error
    @(42.2250 mm, 42.0000 mm): Pad 1 [CELL_MID] of C10 on F.Cu
    @(37.7750 mm, 42.0000 mm): Pad 2 [CELL_MID] of C9 on F.Cu
[unconnected_items]: Missing connection between items
    Local override; error
    @(54.1750 mm, 35.0000 mm): Pad 1 [CELL_MID] of R15 on F.Cu
    @(42.2250 mm, 42.0000 mm): Pad 1 [CELL_MID] of C10 on F.Cu
[unconnected_items]: Missing connection between items
    Local override; error
    @(141.8625 mm, 23.0500 mm): Pad 1 [FB_3V3] of U4 on F.Cu
    @(151.8250 mm, 35.0000 mm): Pad 2 [FB_3V3] of R11 on F.Cu
[unconnected_items]: Missing connection between items
    Local override; error
    @(151.8250 mm, 35.0000 mm): Pad 2 [FB_3V3] of R11 on F.Cu
    @(155.1750 mm, 35.0000 mm): Pad 1 [FB_3V3] of R12 on F.Cu
[unconnected_items]: Missing connection between items
    Local override; error
    @(141.8625 mm, 24.0000 mm): Pad 2 [EN_3V3] of U4 on F.Cu
    @(160.1750 mm, 35.0000 mm): Pad 1 [EN_3V3] of R13 on F.Cu
[unconnected_items]: Missing connection between items
    Local override; error
    @(15.0500 mm, 64.0000 mm): Pad 1 [BAT_SYS] of C11 on F.Cu
    @(21.2250 mm, 64.0000 mm): Pad 1 [BAT_SYS] of C12 on F.Cu
[unconnected_items]: Missing connection between items
    Local override; error
    @(21.2250 mm, 64.0000 mm): Pad 1 [BAT_SYS] of C12 on F.Cu
    @(28.8250 mm, 70.0000 mm): Pad 2 [BAT_SYS] of R10 on F.Cu
[unconnected_items]: Missing connection between items
    Local override; error
    @(23.8625 mm, 58.9500 mm): Pad 3 [BAT_SYS] of U3 on F.Cu
    @(21.2250 mm, 64.0000 mm): Pad 1 [BAT_SYS] of C12 on F.Cu
[unconnected_items]: Missing connection between items
    Local override; error
    @(23.8625 mm, 58.9500 mm): Pad 3 [BAT_SYS] of U3 on F.Cu
    @(30.4000 mm, 45.0000 mm): Pad 2 [BAT_SYS] of F4 on F.Cu
[unconnected_items]: Missing connection between items
    Local override; error
    @(28.8250 mm, 70.0000 mm): Pad 2 [BAT_SYS] of R10 on F.Cu
    @(20.0000 mm, 80.0000 mm): Pad 1 [BAT_SYS] of TP5 on F.Cu
[unconnected_items]: Missing connection between items
    Local override; error
    @(141.8625 mm, 24.9500 mm): Pad 3 [BAT_SYS] of U4 on F.Cu
    @(150.0500 mm, 25.0000 mm): Pad 1 [BAT_SYS] of C16 on F.Cu
[unconnected_items]: Missing connection between items
    Local override; error
    @(141.8625 mm, 24.9500 mm): Pad 3 [BAT_SYS] of U4 on F.Cu
    @(30.4000 mm, 45.0000 mm): Pad 2 [BAT_SYS] of F4 on F.Cu
[unconnected_items]: Missing connection between items
    Local override; error
    @(150.0500 mm, 25.0000 mm): Pad 1 [BAT_SYS] of C16 on F.Cu
    @(155.2250 mm, 25.0000 mm): Pad 1 [BAT_SYS] of C21 on F.Cu
[unconnected_items]: Missing connection between items
    Local override; error
    @(161.8250 mm, 35.0000 mm): Pad 2 [BAT_SYS] of R13 on F.Cu
    @(155.2250 mm, 25.0000 mm): Pad 1 [BAT_SYS] of C21 on F.Cu
[unconnected_items]: Missing connection between items
    Local override; error
    @(144.1375 mm, 24.0000 mm): Pad 5 [SW_3V3] of U4 on F.Cu
    @(156.7750 mm, 30.0000 mm): Pad 2 [SW_3V3] of C24 on F.Cu
[unconnected_items]: Missing connection between items
    Local override; error
    @(156.7750 mm, 30.0000 mm): Pad 2 [SW_3V3] of C24 on F.Cu
    @(158.5000 mm, 30.0000 mm): Pad 1 [SW_3V3] of L2 on F.Cu
[unconnected_items]: Missing connection between items
    Local override; error
    @(144.1375 mm, 23.0500 mm): Pad 6 [BST_3V3] of U4 on F.Cu
    @(155.2250 mm, 30.0000 mm): Pad 1 [BST_3V3] of C24 on F.Cu
[unconnected_items]: Missing connection between items
    Local override; error
    @(15.1750 mm, 70.0000 mm): Pad 1 [+5V] of R8 on F.Cu
    @(15.0000 mm, 85.0000 mm): Pad 1 [+5V] of TP6 on F.Cu
[unconnected_items]: Missing connection between items
    Local override; error
    @(17.5000 mm, 58.0000 mm): Pad 2 [+5V] of L1 on F.Cu
    @(15.1750 mm, 70.0000 mm): Pad 1 [+5V] of R8 on F.Cu
[unconnected_items]: Missing connection between items
    Local override; error
    @(27.0500 mm, 64.0000 mm): Pad 1 [+5V] of C13 on F.Cu
    @(17.5000 mm, 58.0000 mm): Pad 2 [+5V] of L1 on F.Cu
[unconnected_items]: Missing connection between items
    Local override; error
    @(33.0500 mm, 64.0000 mm): Pad 1 [+5V] of C14 on F.Cu
    @(27.0500 mm, 64.0000 mm): Pad 1 [+5V] of C13 on F.Cu
[unconnected_items]: Missing connection between items
    Local override; error
    @(39.6500 mm, 14.9200 mm): PTH pad 1 [+5V] of SW1
    @(39.6500 mm, 12.3800 mm): PTH pad 1 [+5V] of SW1
[unconnected_items]: Missing connection between items
    Local override; error
    @(39.6500 mm, 14.9200 mm): PTH pad 1 [+5V] of SW1
    @(17.5000 mm, 58.0000 mm): Pad 2 [+5V] of L1 on F.Cu
[unconnected_items]: Missing connection between items
    Local override; error
    @(39.0000 mm, 51.0000 mm): PTH pad 1 [BATT_RAW_N] of J7
    @(43.7750 mm, 42.0000 mm): Pad 2 [BATT_RAW_N] of C10 on F.Cu
[unconnected_items]: Missing connection between items
    Local override; error
    @(43.7750 mm, 42.0000 mm): Pad 2 [BATT_RAW_N] of C10 on F.Cu
    @(49.6750 mm, 35.6500 mm): Pad C1 [BATT_RAW_N] of Q1 on F.Cu
[unconnected_items]: Missing connection between items
    Local override; error
    @(49.6750 mm, 35.6500 mm): Pad C1 [BATT_RAW_N] of Q1 on F.Cu
    @(49.6750 mm, 34.3500 mm): Pad A1 [BATT_RAW_N] of Q1 on F.Cu
[unconnected_items]: Missing connection between items
    Local override; error
    @(51.1375 mm, 27.0500 mm): Pad 6 [BATT_RAW_N] of U2 on F.Cu
    @(49.6750 mm, 34.3500 mm): Pad A1 [BATT_RAW_N] of Q1 on F.Cu
[unconnected_items]: Missing connection between items
    Local override; error
    @(123.2750 mm, 15.0000 mm): Pad 2 [BATT_RAW_N] of C26 on F.Cu
    @(51.1375 mm, 27.0500 mm): Pad 6 [BATT_RAW_N] of U2 on F.Cu
[unconnected_items]: Missing connection between items
    Local override; error
    @(163.0000 mm, 80.0000 mm): Pad 1 [BATT_RAW_N] of TP12 on F.Cu
    @(123.2750 mm, 15.0000 mm): Pad 2 [BATT_RAW_N] of C26 on F.Cu
[unconnected_items]: Missing connection between items
    Local override; error
    @(28.7500 mm, 35.9625 mm): Pad 7 [TS] of U1 on F.Cu
    @(53.1750 mm, 43.0000 mm): Pad 1 [TS] of TH1 on F.Cu
[unconnected_items]: Missing connection between items
    Local override; error
    @(30.8250 mm, 25.0000 mm): Pad 2 [TS] of R5 on F.Cu
    @(28.7500 mm, 35.9625 mm): Pad 7 [TS] of U1 on F.Cu
[unconnected_items]: Missing connection between items
    Local override; error
    @(144.3800 mm, 50.8500 mm): PTH pad 1 [+3V3] of SW2
    @(146.9200 mm, 50.8500 mm): PTH pad 1 [+3V3] of SW2
[unconnected_items]: Missing connection between items
    Local override; error
    @(150.0500 mm, 30.0000 mm): Pad 1 [+3V3] of C23 on F.Cu
    @(150.1750 mm, 35.0000 mm): Pad 1 [+3V3] of R11 on F.Cu
[unconnected_items]: Missing connection between items
    Local override; error
    @(150.1750 mm, 35.0000 mm): Pad 1 [+3V3] of R11 on F.Cu
    @(146.9200 mm, 50.8500 mm): PTH pad 1 [+3V3] of SW2
[unconnected_items]: Missing connection between items
    Local override; error
    @(160.0500 mm, 25.0000 mm): Pad 1 [+3V3] of C22 on F.Cu
    @(150.0500 mm, 30.0000 mm): Pad 1 [+3V3] of C23 on F.Cu
[unconnected_items]: Missing connection between items
    Local override; error
    @(161.5000 mm, 30.0000 mm): Pad 2 [+3V3] of L2 on F.Cu
    @(160.0500 mm, 25.0000 mm): Pad 1 [+3V3] of C22 on F.Cu
[unconnected_items]: Missing connection between items
    Local override; error
    @(163.0000 mm, 55.0000 mm): Pad 1 [+3V3] of TP7 on F.Cu
    @(146.9200 mm, 50.8500 mm): PTH pad 1 [+3V3] of SW2
[unconnected_items]: Missing connection between items
    Local override; error
    @(151.3500 mm, 66.6350 mm): Pad 8 [MCP_GPB7] of U7 on F.Cu
    @(159.1750 mm, 40.0000 mm): Pad 1 [MCP_GPB7] of R38 on F.Cu
[unconnected_items]: Missing connection between items
    Local override; error
    @(135.6079 mm, 54.6104 mm): Pad 5 [EXP_GPB7] of D7 on F.Cu
    @(146.9704 mm, 64.6104 mm): Pad 1 [EXP_GPB7] of J916 on F.Cu
[unconnected_items]: Missing connection between items
    Local override; error
    @(146.9704 mm, 64.6104 mm): Pad 1 [EXP_GPB7] of J916 on F.Cu
    @(160.8250 mm, 40.0000 mm): Pad 2 [EXP_GPB7] of R38 on F.Cu
[unconnected_items]: Missing connection between items
    Local override; error
    @(122.3500 mm, 49.5000 mm): Pad 4 [AIN0] of U5 on F.Cu
    @(137.8000 mm, 15.4000 mm): PTH pad 1 [AIN0] of J8
[unconnected_items]: Missing connection between items
    Local override; error
    @(122.3500 mm, 50.0000 mm): Pad 5 [AIN1] of U5 on F.Cu
    @(140.3400 mm, 15.4000 mm): PTH pad 2 [AIN1] of J8
[unconnected_items]: Missing connection between items
    Local override; error
    @(126.6500 mm, 50.0000 mm): Pad 6 [AIN2] of U5 on F.Cu
    @(142.8800 mm, 15.4000 mm): PTH pad 3 [AIN2] of J8
[unconnected_items]: Missing connection between items
    Local override; error
    @(126.6500 mm, 49.5000 mm): Pad 7 [AIN3] of U5 on F.Cu
    @(145.4200 mm, 15.4000 mm): PTH pad 4 [AIN3] of J8
[unconnected_items]: Missing connection between items
    Local override; error
    @(129.8500 mm, 49.5000 mm): Pad 4 [AIN4] of U6 on F.Cu
    @(147.9600 mm, 15.4000 mm): PTH pad 5 [AIN4] of J8
[unconnected_items]: Missing connection between items
    Local override; error
    @(129.8500 mm, 50.0000 mm): Pad 5 [AIN5] of U6 on F.Cu
    @(150.5000 mm, 15.4000 mm): PTH pad 6 [AIN5] of J8
[unconnected_items]: Missing connection between items
    Local override; error
    @(134.1500 mm, 50.0000 mm): Pad 6 [AIN6] of U6 on F.Cu
    @(153.0400 mm, 15.4000 mm): PTH pad 7 [AIN6] of J8
[unconnected_items]: Missing connection between items
    Local override; error
    @(134.1500 mm, 49.5000 mm): Pad 7 [AIN7] of U6 on F.Cu
    @(155.5800 mm, 15.4000 mm): PTH pad 8 [AIN7] of J8
[unconnected_items]: Missing connection between items
    Local override; error
    @(117.0000 mm, 18.0000 mm): Pad 1 [I2C_SDA] of J33 on F.Cu
    @(28.0375 mm, 34.2500 mm): Pad 4 [I2C_SDA] of U1 on F.Cu
[unconnected_items]: Missing connection between items
    Local override; error
    @(126.6500 mm, 48.5000 mm): Pad 9 [I2C_SDA] of U5 on F.Cu
    @(134.1500 mm, 48.5000 mm): Pad 9 [I2C_SDA] of U6 on F.Cu
[unconnected_items]: Missing connection between items
    Local override; error
    @(129.0000 mm, 28.0800 mm): PTH pad 3 [I2C_SDA] of J5
    @(117.0000 mm, 18.0000 mm): Pad 1 [I2C_SDA] of J33 on F.Cu
[unconnected_items]: Missing connection between items
    Local override; error
    @(129.0000 mm, 28.0800 mm): PTH pad 3 [I2C_SDA] of J5
    @(126.6500 mm, 48.5000 mm): Pad 9 [I2C_SDA] of U5 on F.Cu
[unconnected_items]: Missing connection between items
    Local override; error
    @(149.1750 mm, 54.0000 mm): Pad 1 [I2C_SDA] of R19 on F.Cu
    @(134.1500 mm, 48.5000 mm): Pad 9 [I2C_SDA] of U6 on F.Cu
[unconnected_items]: Missing connection between items
    Local override; error
    @(151.3500 mm, 72.9850 mm): Pad 13 [I2C_SDA] of U7 on F.Cu
    @(149.1750 mm, 54.0000 mm): Pad 1 [I2C_SDA] of R19 on F.Cu
[unconnected_items]: Missing connection between items
    Local override; error
    @(117.0000 mm, 23.0000 mm): Pad 1 [I2C_SCL] of J34 on F.Cu
    @(28.0375 mm, 34.7500 mm): Pad 5 [I2C_SCL] of U1 on F.Cu
[unconnected_items]: Missing connection between items
    Local override; error
    @(126.6500 mm, 48.0000 mm): Pad 10 [I2C_SCL] of U5 on F.Cu
    @(134.1500 mm, 48.0000 mm): Pad 10 [I2C_SCL] of U6 on F.Cu
[unconnected_items]: Missing connection between items
    Local override; error
    @(129.0000 mm, 30.6200 mm): PTH pad 4 [I2C_SCL] of J5
    @(117.0000 mm, 23.0000 mm): Pad 1 [I2C_SCL] of J34 on F.Cu
[unconnected_items]: Missing connection between items
    Local override; error
    @(129.0000 mm, 30.6200 mm): PTH pad 4 [I2C_SCL] of J5
    @(126.6500 mm, 48.0000 mm): Pad 10 [I2C_SCL] of U5 on F.Cu
[unconnected_items]: Missing connection between items
    Local override; error
    @(151.3500 mm, 71.7150 mm): Pad 12 [I2C_SCL] of U7 on F.Cu
    @(154.1750 mm, 54.0000 mm): Pad 1 [I2C_SCL] of R20 on F.Cu
[unconnected_items]: Missing connection between items
    Local override; error
    @(154.1750 mm, 54.0000 mm): Pad 1 [I2C_SCL] of R20 on F.Cu
    @(134.1500 mm, 48.0000 mm): Pad 10 [I2C_SCL] of U6 on F.Cu
[unconnected_items]: Missing connection between items
    Local override; error
    @(122.5000 mm, 42.5000 mm): Pad 1 [EXP_GPA2] of J93 on F.Cu
    @(130.6079 mm, 55.5604 mm): Pad 4 [EXP_GPA2] of D4 on F.Cu
[unconnected_items]: Missing connection between items
    Local override; error
    @(145.8250 mm, 30.0000 mm): Pad 2 [EXP_GPA2] of R25 on F.Cu
    @(122.5000 mm, 42.5000 mm): Pad 1 [EXP_GPA2] of J93 on F.Cu
[unconnected_items]: Missing connection between items
    Local override; error
    @(134.1750 mm, 40.0000 mm): Pad 1 [MCP_GPB2] of R33 on F.Cu
    @(151.3500 mm, 60.2850 mm): Pad 3 [MCP_GPB2] of U7 on F.Cu
[unconnected_items]: Missing connection between items
    Local override; error
    @(131.9704 mm, 59.6104 mm): Pad 1 [EXP_GPB2] of J911 on F.Cu
    @(135.8250 mm, 40.0000 mm): Pad 2 [EXP_GPB2] of R33 on F.Cu
[unconnected_items]: Missing connection between items
    Local override; error
    @(135.8250 mm, 40.0000 mm): Pad 2 [EXP_GPB2] of R33 on F.Cu
    @(131.1375 mm, 35.9500 mm): Pad 4 [EXP_GPB2] of D6 on F.Cu
[unconnected_items]: Missing connection between items
    Local override; error
    @(29.2250 mm, 42.0000 mm): Pad 1 [CBSET] of C8 on F.Cu
    @(30.2500 mm, 35.9625 mm): Pad 10 [CBSET] of U1 on F.Cu
[unconnected_items]: Missing connection between items
    Local override; error
    @(30.2500 mm, 35.9625 mm): Pad 10 [CBSET] of U1 on F.Cu
    @(23.1750 mm, 25.0000 mm): Pad 1 [CBSET] of R4 on F.Cu
[unconnected_items]: Missing connection between items
    Local override; error
    @(137.2250 mm, 59.0000 mm): Pad 1 [MCP_RESET] of C29 on F.Cu
    @(143.8250 mm, 69.0000 mm): Pad 2 [MCP_RESET] of R42 on F.Cu
[unconnected_items]: Missing connection between items
    Local override; error
    @(143.8250 mm, 69.0000 mm): Pad 2 [MCP_RESET] of R42 on F.Cu
    @(146.9704 mm, 69.6104 mm): Pad 1 [MCP_RESET] of J927 on F.Cu
[unconnected_items]: Missing connection between items
    Local override; error
    @(146.9704 mm, 69.6104 mm): Pad 1 [MCP_RESET] of J927 on F.Cu
    @(160.6500 mm, 70.4450 mm): Pad 18 [MCP_RESET] of U7 on F.Cu
[unconnected_items]: Missing connection between items
    Local override; error
    @(138.6454 mm, 54.6104 mm): Pad 1 [MCP_GPB1] of R32 on F.Cu
    @(151.3500 mm, 59.0150 mm): Pad 2 [MCP_GPB1] of U7 on F.Cu
[unconnected_items]: Missing connection between items
    Local override; error
    @(139.1750 mm, 40.0000 mm): Pad 1 [MCP_GPB3] of R34 on F.Cu
    @(151.3500 mm, 61.5550 mm): Pad 4 [MCP_GPB3] of U7 on F.Cu
[unconnected_items]: Missing connection between items
    Local override; error
    @(144.1750 mm, 40.0000 mm): Pad 1 [MCP_GPB4] of R35 on F.Cu
    @(151.3500 mm, 62.8250 mm): Pad 5 [MCP_GPB4] of U7 on F.Cu
[unconnected_items]: Missing connection between items
    Local override; error
    @(149.1750 mm, 40.0000 mm): Pad 1 [MCP_GPB5] of R36 on F.Cu
    @(151.3500 mm, 64.0950 mm): Pad 6 [MCP_GPB5] of U7 on F.Cu
[unconnected_items]: Missing connection between items
    Local override; error
    @(151.3500 mm, 65.3650 mm): Pad 7 [MCP_GPB6] of U7 on F.Cu
    @(154.1750 mm, 40.0000 mm): Pad 1 [MCP_GPB6] of R37 on F.Cu
[unconnected_items]: Missing connection between items
    Local override; error
    @(142.1750 mm, 59.0000 mm): Pad 1 [MCP_A0] of R39 on F.Cu
    @(160.6500 mm, 74.2550 mm): Pad 15 [MCP_A0] of U7 on F.Cu
[unconnected_items]: Missing connection between items
    Local override; error
    @(137.1750 mm, 64.0000 mm): Pad 1 [MCP_A1] of R40 on F.Cu
    @(160.6500 mm, 72.9850 mm): Pad 16 [MCP_A1] of U7 on F.Cu
[unconnected_items]: Missing connection between items
    Local override; error
    @(145.7204 mm, 67.1104 mm): Pad 1 [MCP_INTA] of J925 on F.Cu
    @(160.6500 mm, 67.9050 mm): Pad 20 [MCP_INTA] of U7 on F.Cu
[unconnected_items]: Missing connection between items
    Local override; error
    @(147.7954 mm, 54.6104 mm): Pad 2 [MCP_INTA] of R43 on F.Cu
    @(145.7204 mm, 67.1104 mm): Pad 1 [MCP_INTA] of J925 on F.Cu
[unconnected_items]: Missing connection between items
    Local override; error
    @(134.1750 mm, 30.0000 mm): Pad 1 [MCP_GPA0] of R23 on F.Cu
    @(160.6500 mm, 66.6350 mm): Pad 21 [MCP_GPA0] of U7 on F.Cu
[unconnected_items]: Missing connection between items
    Local override; error
    @(139.1750 mm, 30.0000 mm): Pad 1 [MCP_GPA1] of R24 on F.Cu
    @(160.6500 mm, 65.3650 mm): Pad 22 [MCP_GPA1] of U7 on F.Cu
[unconnected_items]: Missing connection between items
    Local override; error
    @(144.1750 mm, 30.0000 mm): Pad 1 [MCP_GPA2] of R25 on F.Cu
    @(160.6500 mm, 64.0950 mm): Pad 23 [MCP_GPA2] of U7 on F.Cu
[unconnected_items]: Missing connection between items
    Local override; error
    @(111.1454 mm, 54.6104 mm): Pad 1 [MCP_GPA3] of R26 on F.Cu
    @(160.6500 mm, 62.8250 mm): Pad 24 [MCP_GPA3] of U7 on F.Cu
[unconnected_items]: Missing connection between items
    Local override; error
    @(116.1454 mm, 54.6104 mm): Pad 1 [MCP_GPA4] of R27 on F.Cu
    @(160.6500 mm, 61.5550 mm): Pad 25 [MCP_GPA4] of U7 on F.Cu
[unconnected_items]: Missing connection between items
    Local override; error
    @(134.1750 mm, 35.0000 mm): Pad 1 [MCP_GPA5] of R28 on F.Cu
    @(160.6500 mm, 60.2850 mm): Pad 26 [MCP_GPA5] of U7 on F.Cu
[unconnected_items]: Missing connection between items
    Local override; error
    @(144.1750 mm, 35.0000 mm): Pad 1 [MCP_GPA7] of R30 on F.Cu
    @(160.6500 mm, 57.7450 mm): Pad 28 [MCP_GPA7] of U7 on F.Cu
[unconnected_items]: Missing connection between items
    Local override; error
    @(133.3329 mm, 53.6604 mm): Pad 1 [EXP_GPB4] of D7 on F.Cu
    @(146.9704 mm, 59.6104 mm): Pad 1 [EXP_GPB4] of J913 on F.Cu
[unconnected_items]: Missing connection between items
    Local override; error
    @(145.8250 mm, 40.0000 mm): Pad 2 [EXP_GPB4] of R35 on F.Cu
    @(133.3329 mm, 53.6604 mm): Pad 1 [EXP_GPB4] of D7 on F.Cu
[unconnected_items]: Missing connection between items
    Local override; error
    @(135.8250 mm, 35.0000 mm): Pad 2 [EXP_GPA5] of R28 on F.Cu
    @(123.8625 mm, 35.0000 mm): Pad 2 [EXP_GPA5] of D5 on F.Cu
[unconnected_items]: Missing connection between items
    Local override; error
    @(145.0000 mm, 45.0000 mm): Pad 1 [EXP_GPA5] of J96 on F.Cu
    @(135.8250 mm, 35.0000 mm): Pad 2 [EXP_GPA5] of R28 on F.Cu
[unconnected_items]: Missing connection between items
    Local override; error
    @(145.8250 mm, 35.0000 mm): Pad 2 [EXP_GPA7] of R30 on F.Cu
    @(126.1375 mm, 35.0000 mm): Pad 5 [EXP_GPA7] of D5 on F.Cu
[unconnected_items]: Missing connection between items
    Local override; error
    @(155.0000 mm, 45.0000 mm): Pad 1 [EXP_GPA7] of J98 on F.Cu
    @(145.8250 mm, 35.0000 mm): Pad 2 [EXP_GPA7] of R30 on F.Cu
[unconnected_items]: Missing connection between items
    Local override; error
    @(20.0000 mm, 75.0000 mm): Pad 1 [CHG_IN] of TP2 on F.Cu
    @(29.2500 mm, 32.0375 mm): Pad 23 [CHG_IN] of U1 on F.Cu
[unconnected_items]: Missing connection between items
    Local override; error
    @(29.2500 mm, 32.0375 mm): Pad 23 [CHG_IN] of U1 on F.Cu
    @(29.9500 mm, 18.0000 mm): Pad 1 [CHG_IN] of D1 on F.Cu
[unconnected_items]: Missing connection between items
    Local override; error
    @(29.9500 mm, 18.0000 mm): Pad 1 [CHG_IN] of D1 on F.Cu
    @(27.4000 mm, 18.0000 mm): Pad 2 [CHG_IN] of F1 on F.Cu
[unconnected_items]: Missing connection between items
    Local override; error
    @(36.0500 mm, 18.0000 mm): Pad 1 [CHG_IN] of C1 on F.Cu
    @(29.9500 mm, 18.0000 mm): Pad 1 [CHG_IN] of D1 on F.Cu
[unconnected_items]: Missing connection between items
    Local override; error
    @(41.2250 mm, 18.0000 mm): Pad 1 [CHG_IN] of C2 on F.Cu
    @(36.0500 mm, 18.0000 mm): Pad 1 [CHG_IN] of C1 on F.Cu
[unconnected_items]: Missing connection between items
    Local override; error
    @(26.1375 mm, 57.0500 mm): Pad 6 [BST_5V] of U3 on F.Cu
    @(35.2250 mm, 62.0000 mm): Pad 1 [BST_5V] of C15 on F.Cu
[unconnected_items]: Missing connection between items
    Local override; error
    @(26.1375 mm, 58.0000 mm): Pad 5 [SW_5V] of U3 on F.Cu
    @(14.5000 mm, 58.0000 mm): Pad 1 [SW_5V] of L1 on F.Cu
[unconnected_items]: Missing connection between items
    Local override; error
    @(36.7750 mm, 62.0000 mm): Pad 2 [SW_5V] of C15 on F.Cu
    @(26.1375 mm, 58.0000 mm): Pad 5 [SW_5V] of U3 on F.Cu
[unconnected_items]: Missing connection between items
    Local override; error
    @(23.2250 mm, 42.0000 mm): Pad 1 [BTST] of C7 on F.Cu
    @(31.2500 mm, 35.9625 mm): Pad 12 [BTST] of U1 on F.Cu
[unconnected_items]: Missing connection between items
    Local override; error
    @(15.0000 mm, 75.0000 mm): Pad 1 [USB_VBUS] of TP1 on F.Cu
    @(24.6000 mm, 18.0000 mm): Pad 1 [USB_VBUS] of F1 on F.Cu
[unconnected_items]: Missing connection between items
    Local override; error
    @(54.7875 mm, 37.0000 mm): Pad 2 [PG_STAT] of D3 on F.Cu
    @(28.0375 mm, 32.7500 mm): Pad 1 [PG_STAT] of U1 on F.Cu
[unconnected_items]: Missing connection between items
    Local override; error
    @(163.0000 mm, 75.0000 mm): Pad 1 [PG_STAT] of TP11 on F.Cu
    @(54.7875 mm, 37.0000 mm): Pad 2 [PG_STAT] of D3 on F.Cu
[unconnected_items]: Missing connection between items
    Local override; error
    @(54.7875 mm, 31.0000 mm): Pad 2 [CHG_STAT] of D2 on F.Cu
    @(28.0375 mm, 33.2500 mm): Pad 2 [CHG_STAT] of U1 on F.Cu
[unconnected_items]: Missing connection between items
    Local override; error
    @(163.0000 mm, 70.0000 mm): Pad 1 [CHG_STAT] of TP10 on F.Cu
    @(54.7875 mm, 31.0000 mm): Pad 2 [CHG_STAT] of D2 on F.Cu
[unconnected_items]: Missing connection between items
    Local override; error
    @(29.1750 mm, 25.0000 mm): Pad 1 [REGN] of R5 on F.Cu
    @(30.7500 mm, 35.9625 mm): Pad 11 [REGN] of U1 on F.Cu
[unconnected_items]: Missing connection between items
    Local override; error
    @(30.7500 mm, 35.9625 mm): Pad 11 [REGN] of U1 on F.Cu
    @(42.2250 mm, 35.0000 mm): Pad 1 [REGN] of C6 on F.Cu
[unconnected_items]: Missing connection between items
    Local override; error
    @(42.2250 mm, 35.0000 mm): Pad 1 [REGN] of C6 on F.Cu
    @(47.1750 mm, 37.0000 mm): Pad 1 [REGN] of R7 on F.Cu
[unconnected_items]: Missing connection between items
    Local override; error
    @(47.1750 mm, 37.0000 mm): Pad 1 [REGN] of R7 on F.Cu
    @(47.1750 mm, 31.0000 mm): Pad 1 [REGN] of R6 on F.Cu
[unconnected_items]: Missing connection between items
    Local override; error
    @(125.0000 mm, 45.0000 mm): Pad 1 [EXP_GPA1] of J92 on F.Cu
    @(128.3329 mm, 54.6104 mm): Pad 2 [EXP_GPA1] of D4 on F.Cu
[unconnected_items]: Missing connection between items
    Local override; error
    @(140.8250 mm, 30.0000 mm): Pad 2 [EXP_GPA1] of R24 on F.Cu
    @(125.0000 mm, 45.0000 mm): Pad 1 [EXP_GPA1] of J92 on F.Cu
[unconnected_items]: Missing connection between items
    Local override; error
    @(23.8625 mm, 58.0000 mm): Pad 2 [EN_5V] of U3 on F.Cu
    @(27.1750 mm, 70.0000 mm): Pad 1 [EN_5V] of R10 on F.Cu
[unconnected_items]: Missing connection between items
    Local override; error
    @(52.3500 mm, 12.3800 mm): PTH pad 2 [+5V_SW] of SW1
    @(52.3500 mm, 14.9200 mm): PTH pad 2 [+5V_SW] of SW1
[unconnected_items]: Missing connection between items
    Local override; error
    @(52.3500 mm, 14.9200 mm): PTH pad 2 [+5V_SW] of SW1
    @(96.5000 mm, 50.1500 mm): Pad 1 [+5V_SW] of J4 on F.Cu
[unconnected_items]: Missing connection between items
    Local override; error
    @(96.5000 mm, 50.1500 mm): Pad 1 [+5V_SW] of J4 on F.Cu
    @(163.0000 mm, 60.0000 mm): Pad 1 [+5V_SW] of TP8 on F.Cu
[unconnected_items]: Missing connection between items
    Local override; error
    @(48.8625 mm, 27.0500 mm): Pad 1 [S8252_DO] of U2 on F.Cu
    @(49.1750 mm, 40.0000 mm): Pad 1 [S8252_DO] of R21 on F.Cu
[unconnected_items]: Missing connection between items
    Local override; error
    @(49.6750 mm, 35.0000 mm): Pad B1 [DO_GATE] of Q1 on F.Cu
    @(50.8250 mm, 40.0000 mm): Pad 2 [DO_GATE] of R21 on F.Cu
[unconnected_items]: Missing connection between items
    Local override; error
    @(133.3329 mm, 54.6104 mm): Pad 2 [EXP_GPB5] of D7 on F.Cu
    @(145.7204 mm, 62.1104 mm): Pad 1 [EXP_GPB5] of J914 on F.Cu
[unconnected_items]: Missing connection between items
    Local override; error
    @(145.7204 mm, 62.1104 mm): Pad 1 [EXP_GPB5] of J914 on F.Cu
    @(150.8250 mm, 40.0000 mm): Pad 2 [EXP_GPB5] of R36 on F.Cu
[unconnected_items]: Missing connection between items
    Local override; error
    @(135.6079 mm, 55.5604 mm): Pad 4 [EXP_GPB6] of D7 on F.Cu
    @(148.2204 mm, 62.1104 mm): Pad 1 [EXP_GPB6] of J915 on F.Cu
[unconnected_items]: Missing connection between items
    Local override; error
    @(148.2204 mm, 62.1104 mm): Pad 1 [EXP_GPB6] of J915 on F.Cu
    @(155.8250 mm, 40.0000 mm): Pad 2 [EXP_GPB6] of R37 on F.Cu
[unconnected_items]: Missing connection between items
    Local override; error
    @(58.5000 mm, 20.0000 mm): Pad 1 [UART_TX] of J31 on F.Cu
    @(99.0000 mm, 50.1500 mm): Pad 3 [UART_TX] of J4 on F.Cu
[unconnected_items]: Missing connection between items
    Local override; error
    @(120.0000 mm, 45.0000 mm): Pad 1 [EXP_GPA0] of J91 on F.Cu
    @(128.3329 mm, 53.6604 mm): Pad 1 [EXP_GPA0] of D4 on F.Cu
[unconnected_items]: Missing connection between items
    Local override; error
    @(135.8250 mm, 30.0000 mm): Pad 2 [EXP_GPA0] of R23 on F.Cu
    @(120.0000 mm, 45.0000 mm): Pad 1 [EXP_GPA0] of J91 on F.Cu
[unconnected_items]: Missing connection between items
    Local override; error
    @(112.7954 mm, 54.6104 mm): Pad 2 [EXP_GPA3] of R26 on F.Cu
    @(130.6079 mm, 54.6104 mm): Pad 5 [EXP_GPA3] of D4 on F.Cu
[unconnected_items]: Missing connection between items
    Local override; error
    @(130.6079 mm, 54.6104 mm): Pad 5 [EXP_GPA3] of D4 on F.Cu
    @(135.0000 mm, 45.0000 mm): Pad 1 [EXP_GPA3] of J94 on F.Cu
[unconnected_items]: Missing connection between items
    Local override; error
    @(128.8625 mm, 35.0000 mm): Pad 2 [EXP_GPB1] of D6 on F.Cu
    @(140.2954 mm, 54.6104 mm): Pad 2 [EXP_GPB1] of R32 on F.Cu
[unconnected_items]: Missing connection between items
    Local override; error
    @(140.2954 mm, 54.6104 mm): Pad 2 [EXP_GPB1] of R32 on F.Cu
    @(148.2204 mm, 57.1104 mm): Pad 1 [EXP_GPB1] of J910 on F.Cu
[unconnected_items]: Missing connection between items
    Local override; error
    @(54.1750 mm, 52.0000 mm): Pad 1 [GPIO3] of R18 on F.Cu
    @(117.0000 mm, 33.0000 mm): Pad 1 [GPIO3] of J36 on F.Cu
[unconnected_items]: Missing connection between items
    Local override; error
    @(116.7250 mm, 15.0000 mm): Pad 1 [PROT_VDD] of C25 on F.Cu
    @(51.1375 mm, 28.0000 mm): Pad 5 [PROT_VDD] of U2 on F.Cu
[unconnected_items]: Missing connection between items
    Local override; error
    @(122.0750 mm, 17.5000 mm): Pad 2 [PROT_VDD] of R14 on F.Cu
    @(116.7250 mm, 15.0000 mm): Pad 1 [PROT_VDD] of C25 on F.Cu
[unconnected_items]: Missing connection between items
    Local override; error
    @(55.8250 mm, 52.0000 mm): Pad 2 [CTRL_3V3_SW] of R18 on F.Cu
    @(159.6200 mm, 50.8500 mm): PTH pad 4 [CTRL_3V3_SW] of SW2
[unconnected_items]: Missing connection between items
    Local override; error
    @(48.8250 mm, 31.0000 mm): Pad 2 [LED_CHG_A] of R6 on F.Cu
    @(53.2125 mm, 31.0000 mm): Pad 1 [LED_CHG_A] of D2 on F.Cu
[unconnected_items]: Missing connection between items
    Local override; error
    @(48.8625 mm, 28.0000 mm): Pad 2 [S8252_CO] of U2 on F.Cu
    @(54.1750 mm, 40.0000 mm): Pad 1 [S8252_CO] of R22 on F.Cu
[unconnected_items]: Missing connection between items
    Local override; error
    @(50.3250 mm, 35.0000 mm): Pad B2 [CO_GATE] of Q1 on F.Cu
    @(55.8250 mm, 40.0000 mm): Pad 2 [CO_GATE] of R22 on F.Cu
[unconnected_items]: Missing connection between items
    Local override; error
    @(117.0000 mm, 43.0000 mm): Pad 1 [GPIO21] of J38 on F.Cu
    @(129.0000 mm, 42.5400 mm): PTH pad 2 [GPIO21] of J6
[unconnected_items]: Missing connection between items
    Local override; error
    @(51.1375 mm, 28.9500 mm): Pad 4 [PROT_VC] of U2 on F.Cu
    @(55.8250 mm, 35.0000 mm): Pad 2 [PROT_VC] of R15 on F.Cu
[unconnected_items]: Missing connection between items
    Local override; error
    @(55.8250 mm, 35.0000 mm): Pad 2 [PROT_VC] of R15 on F.Cu
    @(118.2750 mm, 15.0000 mm): Pad 2 [PROT_VC] of C25 on F.Cu
[unconnected_items]: Missing connection between items
    Local override; error
    @(121.7250 mm, 15.0000 mm): Pad 1 [PROT_VC] of C26 on F.Cu
    @(118.2750 mm, 15.0000 mm): Pad 2 [PROT_VC] of C25 on F.Cu
[unconnected_items]: Missing connection between items
    Local override; error
    @(44.1750 mm, 40.0000 mm): Pad 1 [VM_SENSE] of R16 on F.Cu
    @(163.0000 mm, 85.0000 mm): Pad 1 [VM_SENSE] of TP13 on F.Cu
[unconnected_items]: Missing connection between items
    Local override; error
    @(48.8625 mm, 28.9500 mm): Pad 3 [VM_SENSE] of U2 on F.Cu
    @(44.1750 mm, 40.0000 mm): Pad 1 [VM_SENSE] of R16 on F.Cu
[unconnected_items]: Missing connection between items
    Local override; error
    @(58.5000 mm, 25.0000 mm): Pad 1 [UART_RX] of J32 on F.Cu
    @(100.2500 mm, 50.1500 mm): Pad 4 [UART_RX] of J4 on F.Cu
[unconnected_items]: Missing connection between items
    Local override; error
    @(48.8250 mm, 37.0000 mm): Pad 2 [LED_PGOOD_A] of R7 on F.Cu
    @(53.2125 mm, 37.0000 mm): Pad 1 [LED_PGOOD_A] of D3 on F.Cu

** Found 0 Footprint errors **

** Ignored checks **
    - Footprint has no courtyard defined
    - Track endpoint not centered on via
    - Tuning profile track geometries
    - Footprint doesn't match symbol's footprint filters
    - Footprint component type doesn't match footprint pads

** End of Report **
